GRAMMAR OF FILE APP.LAN


 rule
number

		{ This grammar defines the language A of Thot
		  The notation used here is defined in file META.LAN
	
		   ' '  : keyword
		   [ ]  : optional part
		   < >  : optional and repeatable part
		   /    : choice
	
		   V. Quint	May 1989
		   I. Vatton    October 1999     }
	
    1	AppliModel = 		'APPLICATION' ElemIdent ';'
				['USES' SchemaList]
		   		['DEFAULT' EvtActionList]
		   		['ELEMENTS' ElemActionsList ]
		   		['ATTRIBUTES' AttrActionList ]
		   		['MENUS' Menus]
				['FUNCTIONS' ActionList]
		   		'END' .
	
    3	SchemaList =		DocumentType < ',' DocumentType > ';' .
	
    4	EvtActionList =	 	EvtAction /
				'BEGIN' EvtAction < EvtAction > 'END' ';' .
   10	EvtAction = 		EvtIdent [ '.' PostPre ] '-' '>' ActionIdent ';' .
   12	PostPre =               'Post' / 'Pre' .
	
    5	ElemActionsList =	ElemActions < ElemActions > .
	
   14	ElemActions = 		[ FirstSec ] ElemIdent ':' EvtActionList .
	
   15	FirstSec =		'First' / 'Second' .
	
    6	AttrActionList =        AttrActions < AttrActions > .
	
   16	AttrActions = 		AttrIdent ':' EvtActionList .
	
    7	Menus =			[ 'Main' 'Window' ':' MenuList ]
				[ 'Document' 'Windows' ':' MenuList ]
				< DocumentType 'Windows' ':' MenuList > .
	
   18	MenuList =		'BEGIN' NewMenu < NewMenu > 'END' ';' /
				NewMenu .
	
   19	NewMenu =		[ 'view' ':' ViewNum ] MenuIdent
				[ '.' SubmenuIdent] [ ItemCascade ] ';' .
	
   23	ItemCascade =		'Separator' /
				'Button' ':' ItemAction [ 'Icon' ':' IconIdent '.' IconType ] /
				'Toggle' ':' ItemAction [ 'Icon' ':' IconIdent '.' IconType ] /
				'Dynamic' ':' ItemIdent .
	
   24	ItemAction = 		ItemIdent '-' '>' ActionIdent .
	
   25	IconIdent =		NAME .
	
   26	IconType =		NAME .
	
    8	ActionList =		ActionIdent < ',' ActionIdent > ';' .
	
    9	DocumentType =		NAME .
	
   21	MenuIdent = 		NAME .
	
   22	SubmenuIdent = 		NAME .
	
   27	ItemIdent = 		NAME .
	
   13	ActionIdent =		NAME .
	
    2	ElemIdent = 		NAME .
	
   11	EvtIdent = 		NAME .
	
   17	AttrIdent = 		NAME .
	
   20	ViewNum =		NUMBER .
	
	END
	


*** SHORT KEY-WORDS ***

code  character  numbers of rules using the key-word

1001      ;       1   3   4  10  18  19   8
1002      ,       3   8
1003      .      10  19  23  23
1004      -      10  24
1005      >      10  24
1006      :      14  16   7   7   7  19  23  23  23  23  23



*** LONG KEY-WORDS ***

code  key-word      numbers of rules using the key-word

1101  APPLICATION   1
1102  USES          1
1103  DEFAULT       1
1104  ELEMENTS      1
1105  ATTRIBUTES    1
1106  MENUS         1
1107  FUNCTIONS     1
1108  END           1   4  18
1109  BEGIN         4  18
1110  Post         12
1111  Pre          12
1112  First        15
1113  Second       15
1114  Main          7
1115  Window        7
1116  Document      7
1117  Windows       7   7
1118  view         19
1119  Separator    23
1120  Button       23
1121  Icon         23  23
1122  Toggle       23
1123  Dynamic      23



*** TABLE OF RULES AND REFERENCES ***

code is the code of the symbol and the code of the rule
where that symbol appears in the left part. For each symbol,
the rule numbers indicate the rules that use that symbol in
their right part.

 code  symbol        rule numbers

    1  AppliModel     
    2  ElemIdent         1  14
    3  SchemaList        1
    4  EvtActionList     1  14  16
    5  ElemActionsList   1
    6  AttrActionList    1
    7  Menus             1
    8  ActionList        1
    9  DocumentType      3   3   7
   10  EvtAction         4   4   4
   11  EvtIdent         10
   12  PostPre          10
   13  ActionIdent      10  24   8   8
   14  ElemActions       5   5
   15  FirstSec         14
   16  AttrActions       6   6
   17  AttrIdent        16
   18  MenuList          7   7   7
   19  NewMenu          18  18  18
   20  ViewNum          19
   21  MenuIdent        19
   22  SubmenuIdent     19
   23  ItemCascade      19
   24  ItemAction       23  23
   25  IconIdent        23  23
   26  IconType         23  23
   27  ItemIdent        23  24



*** REFERENCES TO BASIC TYPES ***

Numbers of the rules using NAME
  25  26   9  21  22  27  13   2  11  17

Numbers of the rules using NUMBER
  20

Numbers of the rules using STRING

