GRAMMAR OF FILE PRESEN.LAN


 rule
number

		{ This grammar defines the language P of Thot
		The notation used here is defined in file META.LAN
	
		   ' '  : keyword
	           [ ]  : optional part
	           < >  : optional and repeatable part
	           /    : choice
	
		V. Quint	February 1985	}
	
    1	PresentModel =	  'PRESENTATION' TypeName ';'
			[ 'VIEWS' ViewList ]
			[ 'PRINT' PrintViewList ]
			[ 'COUNTERS' CounterList ]
			[ 'CONST' ConstList ]
			[ 'VAR' VarList ]
			[ 'DEFAULT' ViewRuleList ]
			[ 'BOXES' BoxList ]
			[ 'RULES' PresentList ]
			[ 'ATTRIBUTES' AttrList ]
			[ 'TRANSMIT' TransmitList ]
			  'END' .
	
    2	TypeName =	  NAME .
	
    3	ViewList =	  DclView < ',' DclView > ';' .
   13	DclView =	  ViewName [ 'EXPORT' ] [ 'MERGE' 'With' MergeViews ] .
   14	ViewName =	  NAME .
   15	MergeViews =      ViewName < ViewName > .
	
    4	PrintViewList =	  PrintView < ',' PrintView > ';' .
   16	PrintView =	  ViewName / TypeName .
	
    5	CounterList =	  Counter < Counter > .
   17	Counter =	  CounterName ':' CountFunction ';' .
   18	CounterName =	  NAME . 
	
   19	CountFunction =	  'RANK' 'OF' TypeOrPage [ RelAncestorLevel ]
				[ 'INIT' AttrName ] [ 'REINIT' AttrName ] /
			  SetRule < SetRule > AddRule < AddRule >
				[ 'INIT' AttrName ] /
			  'RLevel' 'OF' TypeName [ CondAttr ] .
   21	RelAncestorLevel = [ '-' ] AncestorLevel .
   26	AncestorLevel =	  NUMBER .
   23	SetRule =	  'SET' CountValue 'ON' TypeOrPage .
   24	AddRule =	  'ADD' CountValue 'ON' TypeOrPage .
   20	TypeOrPage =	  'Page' [ '(' ViewName ')' ] / [ '*' ] TypeName [ CondAttr ] .
   25	CondAttr =	  'With' AttrName / 'Without' AttrName .
   27	CountValue =	  NUMBER .
	
    6	ConstList =	  Const < Const > .
   28	Const =		  ConstName '=' ConstType ConstValue ';' .
   29	ConstName =	  NAME .
   30	ConstType =	  'TEXT' [ AlphabetName ] /
			  'SYMBOL' / 'GRAPHICS' / 
			  'PICTURE' [ ImageType ] .
   32	AlphabetName =	  NAME .
   33	ImageType = 	  NUMBER .
   31	ConstValue =	  STRING .
	
    7	VarList =	  Variable < Variable > .
   34	Variable =	  VarName ':' FunctList ';' .
   35	VarName =	  NAME .
   36	FunctList =	  Function < Function > .
   37	Function =	  'DATE' / 'FDATE' /
			  'DocName' / 'DirName' /
			  'ElemName' / 'AttributeName' /
			  'VALUE' '(' CounterAttrPage ',' CounterStyle ')' /
			  ConstType ConstValue /
			  ConstName / AttrName .
   38	CounterAttrPage = 'PageNumber' [ '(' ViewName ')' ] /
			  [ MaxMinValue ] CounterName / AttrName .
   39	CounterStyle =	  'ARABIC' / 'UROMAN' / 'LROMAN' / 'UPPERCASE' /
			  'LOWERCASE' .
	
    9	BoxList =	  Box < Box > .
   41	Box =		  'FORWARD' BoxName ';' /
			  BoxName ':' ViewRuleList .
   42	BoxName =	  NAME .
	
    8	ViewRuleList =	  'BEGIN' < RulesAndCondRules > < ViewRules > 'END' ';' /
			   ViewRules / CondRules / Rule .
   43	RulesAndCondRules = CondRules / Rule .
	
   44	ViewRules =	  'IN' ViewName CondRuleList .
   47	CondRuleList =	  'BEGIN' < RulesAndCondRules > 'END' ';' /
			  CondRules / Rule .
   45	CondRules =	  CondRule  < CondRule > [ 'Otherwise' RuleList ] .
   48	CondRule =	  'IF' SeqCondition RuleList .
	
   49	RuleList =	  'BEGIN' Rule < Rule > 'END' ';' / Rule .
	
   46	Rule =		  Rule1 ';' / Rule2 ';' / Rule3 ';' / Rule4 ';' / Rule5 ';' .
   51	Rule1 =	  	  'VertRef' ':' HorizPosition /
			  'HorizRef' ':' VertPosition /
			  'Height' ':' Dimension /
			  'Width' ':' Dimension /
			  'VertPos' ':' PosH /
			  'HorizPos' ':' PosV /
			  'VertOverflow' ':' Boolean /
			  'HorizOverflow' ':' Boolean /
			  'Justify' ':' BoolInherit /
			  'Hyphenate' ':' BoolInherit /
			  'LineSpacing' ':' DistInherit .
   52	Rule2 =		  'Break' ':' Boolean /
			  { Break is obsolete; replaced by PageBreak }
			  'LineBreak' ':' Boolean /
			  'PageBreak' ':' Boolean /
			  'InLine' ':' Boolean /
			  'Size'  ':' SizeInherit /
			  'Visibility' ':' NbInherit /
			  'Font' ':' NameInherit /
			  'Underline' ':' UnderLineInherit /
			  'Thickness' ':' ThicknessInherit /
			  'Style' ':' StyleInherit /
			  'Weight' ':' WeightInherit /
			  'Indent' ':' DistInherit /
			  'Adjust' ':' AdjustInherit /
			  'NoBreak1' ':' AbsDist /
			  'NoBreak2' ':' AbsDist /
			  'Content' ':' VarConst /
			  'Gather' ':' Boolean .
   53	Rule3 =		  Creation '(' BoxName ')' /
			  'Line' /
			  'NoLine' /
			  'Page' '(' BoxName ')' /
			  [ 'Included' ] 'Column' '(' BoxNameList ')' /
			  'Copy' '(' BoxTypeCopied ')' /
			  'Depth' ':' NbInherit .
   54	Rule4 =		  'LineStyle' ':' LineStyleInherit /
			  'LineWeight' ':' DistInherit /
			  'FillPattern' ':' NameInherit /
			  'Background' ':' NameInherit /
			  'Foreground' ':' NameInherit /
			  'ShowBox' /
			  'BackgroundPicture' ':' FileName /
			  'PictureMode' ':' PictMode .
	
   55	Rule5 =           'MarginTop' ':' MarginWidth /
	                  'MarginRight' ':' MarginWidth /
	                  'MarginBottom' ':' MarginWidth /
	                  'MarginLeft' ':' MarginWidth /
	                  'PaddingTop' ':' PaddingWidth /
	                  'PaddingRight' ':' PaddingWidth /
	                  'PaddingBottom' ':' PaddingWidth /
	                  'PaddingLeft' ':' PaddingWidth /
	                  'BorderTopWidth' ':' BorderWidth /
	                  'BorderRightWidth' ':' BorderWidth /
	                  'BorderBottomWidth' ':' BorderWidth /
	                  'BorderLeftWidth' ':' BorderWidth /
	                  'BorderTopColor' ':' BorderColor /
	                  'BorderRightColor' ':' BorderColor /
	                  'BorderBottomColor' ':' BorderColor /
	                  'BorderLeftColor' ':' BorderColor /
	                  'BorderTopStyle' ':' BorderStyle /
	                  'BorderRightStyle' ':' BorderStyle /
	                  'BorderBottomStyle' ':' BorderStyle /
	                  'BorderLeftStyle' ':' BorderStyle .
	
   80	MarginWidth =     InheritParent / 'Auto' / Distance .
   81	PaddingWidth =    InheritParent / Distance .
   82	BorderWidth =     InheritParent / 'Thin' / 'Medium' / 'Thick' / Distance .
   83	BorderColor =     InheritParent / 'Transparent' / 'Foreground' /
	                  FontColorName .
   84	BorderStyle =     InheritParent /
	                  'None' / 'Hidden' / 'Dotted' / 'Dashed' / 'Solid' /
	                  'Double' / 'Groove' / 'Ridge' / 'Inset' / 'Outset' .
   85	InheritParent =   'Enclosing' '=' / 'Creator' '=' .
   87	FontColorName =   NAME .
	
   78	FileName =	  STRING .
   79	PictMode =	  'NormalSize' / 'Scale' / 'RepeatXY' / 'RepeatX' / 'RepeatY' .
	
   77	LineStyleInherit = Link '=' / 'Solid' / 'Dashed' / 'Dotted' .
	
   76	BoxTypeCopied =	  BoxName [ ExtStruct ] / TypeName [ ExtStruct ] .
   89	ExtStruct =	  '(' TypeName ')' .
	
   59	PosH =		  'nil' / HorizAxis '=' RefVPosition [ 'UserSpecified' ] .
   60	PosV =		  'nil' / VertAxis '=' RefHPosition [ 'UserSpecified' ] .
   91	RefVPosition =	  'Refering' [ '*' ] TypeName '.' HorizAxis [ Distance ] /
			  VertPosition .
   93	RefHPosition =	  'Refering' [ '*' ] TypeName '.' VertAxis [ Distance ] /
			  HorizPosition .
	
   73	VarConst =	  '(' FunctList ')' / ConstType ConstValue /
			  VarName / ConstName / TypeName .
	
   10	PresentList =	  Present < Present > .
   94	Present =	  [ '*' ] [ FirstSec ] TypeName ':' ViewRuleList .
   95	FirstSec =	  'First' / 'Second' .
	
   57	VertPosition =	  Reference '.' HorizAxis [ Distance ] .
   56	HorizPosition =	  Reference '.' VertAxis [ Distance ] .
   96	Reference =	  'Enclosing' [ NBoxType ] /
			  'Enclosed' [ NBoxType ] /
			  'Previous' [ NBoxType ] /
			  'Next' [ NBoxType ] /
			  'Refered' [ NBoxType ] /
			  'Referred' [ NBoxType ] /
			  'Creator' /
			  'Root' /
			  '*' /
			  BoxType .
   97	NBoxType =	  [ 'NOT' ] BoxType .
   98	BoxType =	  BoxName / [ '*' ] [ FirstSec ] TypeName /
			  'AnyElem' / 'AnyBox' / 'ElemWithAttr' AttrName .
   92	VertAxis =	  'Left' / 'VMiddle' / 'VRef' / 'Right' . 
   90	HorizAxis =	  'Top' / 'HMiddle' /'HRef' / 'Bottom' .
	
   58	Dimension =	  Reference '.' HeightWidth [ Ratio ] [ 'Min' ] / 
			  AbsDist [ 'UserSpecified' ] [ 'Min' ] /
			  PosH / PosV .
   99	HeightWidth =	  'Height' / 'Width' .
  100	Ratio =		  '*' DimRatioA '%' / Distance .
  101	DimRatioA =	  DimRatio / AttrName .
  102	DimRatio =	  NUMBER .
   72	AbsDist =	  IntPartA [ '.' DecimPart ] [ Unit ] .
  103	IntPartA =	  IntPart / AttrName .
  106	IntPart =	  NUMBER .
  104	DecimPart =	  NUMBER .
  105	Unit =		  'CM' / 'MM' / 'PT' / 'PC' / 'IN' / 'PX' / 'EM' / 'EX' / '%' .
	
   86	Distance =	  [ Sign ] AbsDist .
  107	Sign =		  '+' / '-' .
	
  108	Inheritage =	  Link  InheritVal .
   88	Link =		  'Enclosing' / 'Enclosed' / 'Previous' / 'Creator' /
			  'GrandFather' .
  109	InheritVal =	  '+' PosIntegerA [ 'Max' maximumA ] /
			  '-' NegIntegerA [ 'Min' minimumA ] /
			  '=' .
  110	PosIntegerA =	  PosInteger / AttrName .
  114	PosInteger =	  NUMBER .
  112	NegIntegerA =	  NegInteger / AttrName .
  115	NegInteger =	  NUMBER .
  111	maximumA =	  maximum / AttrName .
  116	maximum =	  NUMBER .
  113	minimumA =	  minimum / AttrName .
  117	minimum =	  NUMBER .
	
   65	NbInherit =	  Integer / AttrName / Inheritage .
  118	Integer =	  NUMBER .
   61	Boolean =	  'Yes' / 'No' .
	
   63	DistInherit =	  Link InheritDist / Distance .
  119	InheritDist =	  '=' / '+' AbsDist / '-' AbsDist .
	
   62	BoolInherit =	  Boolean / Link '=' .
	
   71	AdjustInherit =	  Adjustment / Link '=' .
  120	Adjustment =	  'Left' / 'Right' / 'VMiddle' / 'LeftWithDots' .
	
   64	SizeInherit =	  SizeA [ 'PT' ] / Link  InheritSize .
  122	InheritSize =	  '+' PosSizeA [ 'PT' ] [ 'Max' MaxSizeA ] /
			  '-' NegSizeA [ 'PT' ] [ 'Min' MinSizeA ] /
			  '*' PercentSizeA '%' /
			  '=' .
  121	SizeA =		  Size / AttrName .
  128	Size =		  NUMBER .
  123	PosSizeA =	  PosSize / AttrName .
  129	PosSize =	  NUMBER .
  125	NegSizeA =	  NegSize / AttrName .
  130	NegSize =	  NUMBER .
  124	MaxSizeA =	  MaxSize / AttrName .
  131	MaxSize =	  NUMBER .
  126	MinSizeA =	  MinSize / AttrName .
  132	MinSize =	  NUMBER .
  127	PercentSizeA =	  PercentSize / AttrName .
  133	PercentSize =	  NUMBER .
	
   66	NameInherit =	  Link '=' / FontColorName .
   69	StyleInherit =	  Link '=' / 'Roman' / 'Italics' / 'Oblique' /
			  { the next three values are obsolete }
			  'Bold' / 'BoldItalics' / 'BoldOblique' .
   70	WeightInherit =	  Link '=' / 'Normal' / 'Bold' .
   67	UnderLineInherit = Link '=' / 'NoUnderline' / 'Underlined' / 'Overlined' /
			  'CrossedOut' .
   68	ThicknessInherit = Link '=' / 'Thick' / 'Thin' .
	
   11	AttrList =	  Attr < Attr > .
  134	Attr =		  AttrName [ '(' FSTypeName ')' ] [ AttrRelat ] ':'
			  ViewRuleList .
   22	AttrName =	  NAME .
  135	FSTypeName =	  [ FirstSec ] TypeName .
  136	AttrRelat =	  '=' AttrValue / '>' [ '-' ] MinVal / '<' [ '-' ] MaxVal /
			  'IN' '[' ['-'] MinInterval '.' '.' ['-'] MaxInterval ']' /
			  'GREATER' AttrName / 'LESS' AttrName / 'EQUAL' AttrName .
  137	AttrValue =	  [ '-' ] ValEqual / TextEqual / AttrVal .
  138	MinVal =	  NUMBER .
  139	MaxVal =	  NUMBER .
  140	MinInterval =	  NUMBER .
  141	MaxInterval =	  NUMBER .
  142	ValEqual =	  NUMBER .
  143	TextEqual =	  STRING .
  144	AttrVal =	  NAME .
	
   74	Creation =	  Create [ 'Repeated' ] .
   50	SeqCondition =	  Condition < 'AND' Condition > .
  146	Condition =	  [ 'NOT' ] [ 'Target' ] ElemCondition .
  147	ElemCondition =	  'First' / 'Last' /
			  'Referred' / 'FirstRef' / 'LastRef' /
			  'ExternalRef' / 'InternalRef' / 'CopyRef' /
			  'AnyAttributes' / 'FirstAttr' / 'LastAttr' /
			  'UserPage' / 'StartPage' / 'ComputedPage' /
			  'Empty' /
			  '(' [ MaxMinValue ] CounterName CounterCond ')' /
			  CondPage '(' CounterName ')' /
			  [ 'Immediately' ] 'Within' [ ParentLevel ] TypeName
			  [ ExtStruct ] /
			  TypeName / AttrName .
	
  150	ParentLevel =	  [ GreaterLess ] RelLevel .
  151	GreaterLess =	  '>' / '<' .
  152	RelLevel =	  NUMBER.
   40	MaxMinValue =	  'MaxRangeVal' / 'MinRangeVal' .
  148	CounterCond =	  '<' MaxCounterVal / '>' MinCounterVal / '=' CounterValEqual / 
	                  'IN' '[' ['-'] MinCounterInter '.' '.' ['-'] MaxCounterInter ']' .
  149	CondPage =	  'Even' / 'Odd' / 'One' .
  145	Create =	  'Create' / 'CreateBefore' / 'CreateAfter' /
			  'CreateLast' / 'CreateFirst' / 'CreateWith' /
			  'CreateEnclosing'.
			  { Create is obsolete; replaced by CreateFirst }
  153	MaxCounterVal =	  NUMBER .
  154	MinCounterVal =	  NUMBER .
  155	CounterValEqual = NUMBER .
  157	MaxCounterInter = NUMBER .
  156	MinCounterInter = NUMBER .
	
   75	BoxNameList =	  BoxName < ',' BoxName > .
	
   12	TransmitList =	  Transmit < Transmit > .
  158	Transmit =	  TypeOrCounter 'To' ExternalAttr '(' TypeName ')' ';' .
  159	TypeOrCounter =	  CounterName / TypeName .
  160	ExternalAttr =	  NAME .
	
	END
	


*** SHORT KEY-WORDS ***

code  character  numbers of rules using the key-word

1001      ;       1   3   4  17  28  34  41   8  47  49  46  46  46  46  46 158
1002      ,       3   4  37  75
1003      :      17  34  41  51  51  51  51  51  51  51  51  51  51  51  52  52
                 52  52  52  52  52  52  52  52  52  52  52  52  52  52  52  53
                 54  54  54  54  54  54  54  55  55  55  55  55  55  55  55  55
                 55  55  55  55  55  55  55  55  55  55  55  94 134
1004      -      21 107 109 119 122 136 136 136 136 137 148 148
1005      (      20  37  38  53  53  53  53  89  73 134 147 147 158
1006      )      20  37  38  53  53  53  53  89  73 134 147 147 158
1007      *      20  91  93  94  96  98 100 122
1008      =      28  85  85  77  59  60 109 119  62  71 122  66  69  70  67  68
                136 148
1009      .      91  93  57  56  58  72 136 136 148 148
1010      %     100 105 122
1011      +     107 109 119 122
1012      >     136 151 148
1013      <     136 151 148
1014      [     136 148
1015      ]     136 148



*** LONG KEY-WORDS ***

code  key-word      numbers of rules using the key-word

1101  PRESENTATION        1
1102  VIEWS               1
1103  PRINT               1
1104  COUNTERS            1
1105  CONST               1
1106  VAR                 1
1107  DEFAULT             1
1108  BOXES               1
1109  RULES               1
1110  ATTRIBUTES          1
1111  TRANSMIT            1
1112  END                 1   8  47  49
1113  EXPORT             13
1114  MERGE              13
1115  With               13  25
1116  RANK               19
1117  OF                 19  19
1118  INIT               19  19
1119  REINIT             19
1120  RLevel             19
1121  SET                23
1122  ON                 23  24
1123  ADD                24
1124  Page               20  53
1125  Without            25
1126  TEXT               30
1127  SYMBOL             30
1128  GRAPHICS           30
1129  PICTURE            30
1130  DATE               37
1131  FDATE              37
1132  DocName            37
1133  DirName            37
1134  ElemName           37
1135  AttributeName      37
1136  VALUE              37
1137  PageNumber         38
1138  ARABIC             39
1139  UROMAN             39
1140  LROMAN             39
1141  UPPERCASE          39
1142  LOWERCASE          39
1143  FORWARD            41
1144  BEGIN               8  47  49
1145  IN                 44 105 136 148
1146  Otherwise          45
1147  IF                 48
1148  VertRef            51
1149  HorizRef           51
1150  Height             51  99
1151  Width              51  99
1152  VertPos            51
1153  HorizPos           51
1154  VertOverflow       51
1155  HorizOverflow      51
1156  Justify            51
1157  Hyphenate          51
1158  LineSpacing        51
1159  Break              52
1160  LineBreak          52
1161  PageBreak          52
1162  InLine             52
1163  Size               52
1164  Visibility         52
1165  Font               52
1166  Underline          52
1167  Thickness          52
1168  Style              52
1169  Weight             52
1170  Indent             52
1171  Adjust             52
1172  NoBreak1           52
1173  NoBreak2           52
1174  Content            52
1175  Gather             52
1176  Line               53
1177  NoLine             53
1178  Included           53
1179  Column             53
1180  Copy               53
1181  Depth              53
1182  LineStyle          54
1183  LineWeight         54
1184  FillPattern        54
1185  Background         54
1186  Foreground         54  83
1187  ShowBox            54
1188  BackgroundPicture  54
1189  PictureMode        54
1190  MarginTop          55
1191  MarginRight        55
1192  MarginBottom       55
1193  MarginLeft         55
1194  PaddingTop         55
1195  PaddingRight       55
1196  PaddingBottom      55
1197  PaddingLeft        55
1198  BorderTopWidth     55
1199  BorderRightWidth   55
1200  BorderBottomWidth  55
1201  BorderLeftWidth    55
1202  BorderTopColor     55
1203  BorderRightColor   55
1204  BorderBottomColor  55
1205  BorderLeftColor    55
1206  BorderTopStyle     55
1207  BorderRightStyle   55
1208  BorderBottomStyle  55
1209  BorderLeftStyle    55
1210  Auto               80
1211  Thin               82  68
1212  Medium             82
1213  Thick              82  68
1214  Transparent        83
1215  None               84
1216  Hidden             84
1217  Dotted             84  77
1218  Dashed             84  77
1219  Solid              84  77
1220  Double             84
1221  Groove             84
1222  Ridge              84
1223  Inset              84
1224  Outset             84
1225  Enclosing          85  96  88
1226  Creator            85  96  88
1227  NormalSize         79
1228  Scale              79
1229  RepeatXY           79
1230  RepeatX            79
1231  RepeatY            79
1232  nil                59  60
1233  UserSpecified      59  60  58
1234  Refering           91  93
1235  First              95 147
1236  Second             95
1237  Enclosed           96  88
1238  Previous           96  88
1239  Next               96
1240  Refered            96
1241  Referred           96 147
1242  Root               96
1243  NOT                97 146
1244  AnyElem            98
1245  AnyBox             98
1246  ElemWithAttr       98
1247  Left               92 120
1248  VMiddle            92 120
1249  VRef               92
1250  Right              92 120
1251  Top                90
1252  HMiddle            90
1253  HRef               90
1254  Bottom             90
1255  Min                58  58 109 122
1256  CM                105
1257  MM                105
1258  PT                105  64 122 122
1259  PC                105
1260  PX                105
1261  EM                105
1262  EX                105
1263  GrandFather        88
1264  Max               109 122
1265  Yes                61
1266  No                 61
1267  LeftWithDots      120
1268  Roman              69
1269  Italics            69
1270  Oblique            69
1271  Bold               69  70
1272  BoldItalics        69
1273  BoldOblique        69
1274  Normal             70
1275  NoUnderline        67
1276  Underlined         67
1277  Overlined          67
1278  CrossedOut         67
1279  GREATER           136
1280  LESS              136
1281  EQUAL             136
1282  Repeated           74
1283  AND                50
1284  Target            146
1285  Last              147
1286  FirstRef          147
1287  LastRef           147
1288  ExternalRef       147
1289  InternalRef       147
1290  CopyRef           147
1291  AnyAttributes     147
1292  FirstAttr         147
1293  LastAttr          147
1294  UserPage          147
1295  StartPage         147
1296  ComputedPage      147
1297  Empty             147
1298  Immediately       147
1299  Within            147
1300  MaxRangeVal        40
1301  MinRangeVal        40
1302  Even              149
1303  Odd               149
1304  One               149
1305  Create            145
1306  CreateBefore      145
1307  CreateAfter       145
1308  CreateLast        145
1309  CreateFirst       145
1310  CreateWith        145
1311  CreateEnclosing   145
1312  To                158



*** TABLE OF RULES AND REFERENCES ***

code is the code of the symbol and the code of the rule
where that symbol appears in the left part. For each symbol,
the rule numbers indicate the rules that use that symbol in
their right part.

 code  symbol        rule numbers

    1  PresentModel     
    2  TypeName            1  16  19  20  76  89  91  93  73  94  98 135 147 147
                           158 159
    3  ViewList            1
    4  PrintViewList       1
    5  CounterList         1
    6  ConstList           1
    7  VarList             1
    8  ViewRuleList        1  41  94 134
    9  BoxList             1
   10  PresentList         1
   11  AttrList            1
   12  TransmitList        1
   13  DclView             3   3
   14  ViewName           13  15  15  16  20  38  44
   15  MergeViews         13
   16  PrintView           4   4
   17  Counter             5   5
   18  CounterName        17  38 147 147 159
   19  CountFunction      17
   20  TypeOrPage         19  23  24
   21  RelAncestorLevel   19
   22  AttrName           19  19  19  25  25  37  38  98 101 103 110 112 111 113
                            65 121 123 125 124 126 127 134 136 136 136 147
   23  SetRule            19  19
   24  AddRule            19  19
   25  CondAttr           19  20
   26  AncestorLevel      21
   27  CountValue         23  24
   28  Const               6   6
   29  ConstName          28  37  73
   30  ConstType          28  37  73
   31  ConstValue         28  37  73
   32  AlphabetName       30
   33  ImageType          30
   34  Variable            7   7
   35  VarName            34  73
   36  FunctList          34  73
   37  Function           36  36
   38  CounterAttrPage    37
   39  CounterStyle       37
   40  MaxMinValue        38 147
   41  Box                 9   9
   42  BoxName            41  41  53  53  76  98  75  75
   43  RulesAndCondRules   8  47
   44  ViewRules           8   8
   45  CondRules           8  43  47
   46  Rule                8  43  47  49  49  49
   47  CondRuleList       44
   48  CondRule           45  45
   49  RuleList           45  48
   50  SeqCondition       48
   51  Rule1              46
   52  Rule2              46
   53  Rule3              46
   54  Rule4              46
   55  Rule5              46
   56  HorizPosition      51  93
   57  VertPosition       51  91
   58  Dimension          51  51
   59  PosH               51  58
   60  PosV               51  58
   61  Boolean            51  51  52  52  52  52  52  62
   62  BoolInherit        51  51
   63  DistInherit        51  52  54
   64  SizeInherit        52
   65  NbInherit          52  53
   66  NameInherit        52  54  54  54
   67  UnderLineInherit   52
   68  ThicknessInherit   52
   69  StyleInherit       52
   70  WeightInherit      52
   71  AdjustInherit      52
   72  AbsDist            52  52  58  86 119 119
   73  VarConst           52
   74  Creation           53
   75  BoxNameList        53
   76  BoxTypeCopied      53
   77  LineStyleInherit   54
   78  FileName           54
   79  PictMode           54
   80  MarginWidth        55  55  55  55
   81  PaddingWidth       55  55  55  55
   82  BorderWidth        55  55  55  55
   83  BorderColor        55  55  55  55
   84  BorderStyle        55  55  55  55
   85  InheritParent      80  81  82  83  84
   86  Distance           80  81  82  91  93  57  56 100  63
   87  FontColorName      83  66
   88  Link               77 108  63  62  71  64  66  69  70  67  68
   89  ExtStruct          76  76 147
   90  HorizAxis          59  91  57
   91  RefVPosition       59
   92  VertAxis           60  93  56
   93  RefHPosition       60
   94  Present            10  10
   95  FirstSec           94  98 135
   96  Reference          57  56  58
   97  NBoxType           96  96  96  96  96  96
   98  BoxType            96  97
   99  HeightWidth        58
  100  Ratio              58
  101  DimRatioA         100
  102  DimRatio          101
  103  IntPartA           72
  104  DecimPart          72
  105  Unit               72
  106  IntPart           103
  107  Sign               86
  108  Inheritage         65
  109  InheritVal        108
  110  PosIntegerA       109
  111  maximumA          109
  112  NegIntegerA       109
  113  minimumA          109
  114  PosInteger        110
  115  NegInteger        112
  116  maximum           111
  117  minimum           113
  118  Integer            65
  119  InheritDist        63
  120  Adjustment         71
  121  SizeA              64
  122  InheritSize        64
  123  PosSizeA          122
  124  MaxSizeA          122
  125  NegSizeA          122
  126  MinSizeA          122
  127  PercentSizeA      122
  128  Size              121
  129  PosSize           123
  130  NegSize           125
  131  MaxSize           124
  132  MinSize           126
  133  PercentSize       127
  134  Attr               11  11
  135  FSTypeName        134
  136  AttrRelat         134
  137  AttrValue         136
  138  MinVal            136
  139  MaxVal            136
  140  MinInterval       136
  141  MaxInterval       136
  142  ValEqual          137
  143  TextEqual         137
  144  AttrVal           137
  145  Create             74
  146  Condition          50  50
  147  ElemCondition     146
  148  CounterCond       147
  149  CondPage          147
  150  ParentLevel       147
  151  GreaterLess       150
  152  RelLevel          150
  153  MaxCounterVal     148
  154  MinCounterVal     148
  155  CounterValEqual   148
  156  MinCounterInter   148
  157  MaxCounterInter   148
  158  Transmit           12  12
  159  TypeOrCounter     158
  160  ExternalAttr      158



*** REFERENCES TO BASIC TYPES ***

Numbers of the rules using NAME
   2  14  18  29  32  35  42  87  22 144 160

Numbers of the rules using NUMBER
  26  27  33 102 106 104 114 115 116 117 118 128 129 130 131 132 133 138 139 140
 141 142 152 153 154 155 157 156

Numbers of the rules using STRING
  31  78 143
