GRAMMAR OF FILE PRESEN.LAN


 rule
number

		{ This grammar defines the language P of Thot
		The notation used here is defined in file META.LAN
	
		   ' '  : keyword
	           [ ]  : optional part
	           < >  : optional and repeatable part
	           /    : choice
	
		V. Quint	February 1985	}
	
    1	PresentModel =	  'PRESENTATION' TypeName ';'
			[ 'VIEWS' ViewList ]
			[ 'PRINT' PrintViewList ]
			[ 'COUNTERS' CounterList ]
			[ 'CONST' ConstList ]
			[ 'VAR' VarList ]
			[ 'DEFAULT' ViewRuleList ]
			[ 'BOXES' BoxList ]
			[ 'RULES' PresentList ]
			[ 'ATTRIBUTES' AttrList ]
			[ 'TRANSMIT' TransmitList ]
			  'END' .
	
    2	TypeName =	  NAME .
	
    3	ViewList =	  DclView < ',' DclView > ';' .
   13	DclView =	  ViewName [ 'EXPORT' ] [ 'MERGE' 'With' MergeViews ] .
   14	ViewName =	  NAME .
   15	MergeViews =      ViewName < ViewName > .
	
    4	PrintViewList =	  PrintView < ',' PrintView > ';' .
   16	PrintView =	  ViewName .
	
    5	CounterList =	  Counter < Counter > .
   17	Counter =	  CounterName ':' CountFunction ';' .
   18	CounterName =	  NAME . 
	
   19	CountFunction =	  'RANK' 'OF' TypeOrPage [ RelAncestorLevel ]
				[ 'INIT' AttrName ] [ 'REINIT' AttrName ] /
			  SetRule < SetRule > AddRule < AddRule >
				[ 'INIT' AttrName ] /
			  'RLevel' 'OF' TypeName [ CondAttr ] .
   21	RelAncestorLevel = [ '-' ] AncestorLevel .
   26	AncestorLevel =	  NUMBER .
   23	SetRule =	  'SET' CountValue 'ON' TypeOrPage .
   24	AddRule =	  'ADD' CountValue 'ON' TypeOrPage .
   20	TypeOrPage =	  'Page' [ '(' ViewName ')' ] / [ '*' ] TypeName [ CondAttr ] .
   25	CondAttr =	  'With' AttrName / 'Without' AttrName .
   27	CountValue =	  NUMBER .
	
    6	ConstList =	  Const < Const > .
   28	Const =		  ConstName '=' ConstType ConstValue ';' .
   29	ConstName =	  NAME .
   30	ConstType =	  'TEXT' [ AlphabetName ] /
			  'SYMBOL' / 'GRAPHICS' / 
			  'PICTURE' [ ImageType ] .
   32	AlphabetName =	  NAME .
   33	ImageType = 	  NUMBER .
   31	ConstValue =	  STRING .
	
    7	VarList =	  Variable < Variable > .
   34	Variable =	  VarName ':' FunctList ';' .
   35	VarName =	  NAME .
   36	FunctList =	  Function < Function > .
   37	Function =	  'DATE' / 'FDATE' /
			  'DocName' / 'DirName' /
			  'ElemName' / 'AttributeName' / 'AttributeValue' /
			  'VALUE' '(' CounterAttrPage ',' CounterStyle ')' /
			  ConstType ConstValue /
			  ConstName / AttrName .
   38	CounterAttrPage = 'PageNumber' [ '(' ViewName ')' ] /
			  [ MaxMinValue ] CounterName / AttrName .
   39	CounterStyle =	  'ARABIC' / 'UROMAN' / 'LROMAN' / 'UPPERCASE' /
			  'LOWERCASE' .
	
    9	BoxList =	  Box < Box > .
   41	Box =		  'FORWARD' BoxName ';' /
			  BoxName ':' ViewRuleList .
   42	BoxName =	  NAME .
	
    8	ViewRuleList =	  'BEGIN' < RulesAndCondRules > < ViewRules > 'END' ';' /
			   ViewRules / CondRules / Rule .
   43	RulesAndCondRules = CondRules / Rule .
	
   44	ViewRules =	  'IN' ViewName CondRuleList .
   47	CondRuleList =	  'BEGIN' < RulesAndCondRules > 'END' ';' /
			  CondRules / Rule .
   45	CondRules =	  CondRule  < CondRule > [ 'Otherwise' RuleList ] .
   48	CondRule =	  'IF' SeqCondition RuleList .
	
   49	RuleList =	  'BEGIN' Rule < Rule > 'END' ';' / Rule .
	
   46	Rule =		  Rule1 ';' / Rule2 ';' / Rule3 ';' / Rule4 ';' / Rule5 ';' .
   51	Rule1 =	  	  'VertRef' ':' HorizPosition /
			  'HorizRef' ':' VertPosition /
			  'Height' ':' Dimension /
			  'Width' ':' Dimension /
			  'VertPos' ':' PosH /
			  'HorizPos' ':' PosV /
			  'VertOverflow' ':' Boolean /
			  'HorizOverflow' ':' Boolean /
			  'Hyphenate' ':' BoolInherit /
			  'LineSpacing' ':' DistInherit .
   52	Rule2 =		  'LineBreak' ':' Boolean /
			  'PageBreak' ':' Boolean /
			  'InLine' ':' Boolean /
			  'Size'  ':' SizeInherit /
			  'Visibility' ':' NbInherit /
			  'Font' ':' NameInherit /
			  'Underline' ':' UnderLineInherit /
			  'Thickness' ':' ThicknessInherit /
			  'Style' ':' StyleInherit /
			  'Weight' ':' WeightInherit /
			  'Indent' ':' DistInherit /
			  'Adjust' ':' AdjustInherit /
			  'NoBreak1' ':' AbsDist /
			  'NoBreak2' ':' AbsDist /
			  'Content' ':' VarConst /
			  'Gather' ':' Boolean .
   53	Rule3 =		  Creation '(' BoxName ')' /
			  'Line' /
			  'NoLine' /
			  'Page' '(' BoxName ')' /
			  [ 'Included' ] 'Column' '(' BoxNameList ')' /
			  'Copy' '(' BoxTypeCopied ')' /
			  'Depth' ':' NbInherit /
	                  'Direction' ':' DirInherit .
   54	Rule4 =		  'LineStyle' ':' LineStyleInherit /
			  'LineWeight' ':' DistInherit /
			  'FillPattern' ':' NameInherit /
			  'Background' ':' Color /
			  'Foreground' ':' Color /
			  'ShowBox' /
			  'BackgroundPicture' ':' FileName /
			  'PictureMode' ':' PictMode .
   55	Rule5 =           'MarginTop' ':' MarginWidth /
	                  'MarginRight' ':' MarginWidth /
	                  'MarginBottom' ':' MarginWidth /
	                  'MarginLeft' ':' MarginWidth /
	                  'PaddingTop' ':' PaddingWidth /
	                  'PaddingRight' ':' PaddingWidth /
	                  'PaddingBottom' ':' PaddingWidth /
	                  'PaddingLeft' ':' PaddingWidth /
	                  'BorderTopWidth' ':' BorderWidth /
	                  'BorderRightWidth' ':' BorderWidth /
	                  'BorderBottomWidth' ':' BorderWidth /
	                  'BorderLeftWidth' ':' BorderWidth /
	                  'BorderTopColor' ':' BorderColor /
	                  'BorderRightColor' ':' BorderColor /
	                  'BorderBottomColor' ':' BorderColor /
	                  'BorderLeftColor' ':' BorderColor /
	                  'BorderTopStyle' ':' BorderStyle /
	                  'BorderRightStyle' ':' BorderStyle /
	                  'BorderBottomStyle' ':' BorderStyle /
	                  'BorderLeftStyle' ':' BorderStyle .
	
   82	MarginWidth =     InheritParent / 'Auto' / Distance .
   83	PaddingWidth =    InheritParent / Distance .
   84	BorderWidth =     InheritParent / 'Thin' / 'Medium' / 'Thick' / Distance .
   85	BorderColor =     InheritParent / 'Transparent' / 'Foreground' /
	                  FontColorName .
   86	BorderStyle =     InheritParent /
	                  'None' / 'Hidden' / 'Dotted' / 'Dashed' / 'Solid' /
	                  'Double' / 'Groove' / 'Ridge' / 'Inset' / 'Outset' .
   87	InheritParent =   'Enclosing' '=' / 'Creator' '=' .
   89	FontColorName =   NAME .
	
   80	FileName =	  STRING .
   81	PictMode =	  'NormalSize' / 'Scale' / 'RepeatXY' / 'RepeatX' / 'RepeatY' .
	
   77	DirInherit =      Link '=' / 'ltr' / 'rtl' .
	
   78	LineStyleInherit = Link '=' / 'Solid' / 'Dashed' / 'Dotted' .
	
   76	BoxTypeCopied =	  BoxName [ ExtStruct ] / TypeName [ ExtStruct ] .
   91	ExtStruct =	  '(' TypeName ')' .
	
   59	PosH =		  'nil' / HorizAxis '=' RefVPosition [ 'UserSpecified' ] .
   60	PosV =		  'nil' / VertAxis '=' RefHPosition [ 'UserSpecified' ] .
   93	RefVPosition =	  'Refering' [ '*' ] TypeName '.' HorizAxis [ Distance ] /
			  VertPosition .
   95	RefHPosition =	  'Refering' [ '*' ] TypeName '.' VertAxis [ Distance ] /
			  HorizPosition .
	
   73	VarConst =	  '(' FunctList ')' / ConstType ConstValue /
			  VarName / ConstName .
	
   10	PresentList =	  Present < Present > .
   96	Present =	  [ '*' ] [ FirstSec ] TypeName ':' ViewRuleList .
   97	FirstSec =	  'First' / 'Second' .
	
   57	VertPosition =	  Reference '.' HorizAxis [ Distance ] .
   56	HorizPosition =	  Reference '.' VertAxis [ Distance ] .
   98	Reference =	  'Enclosing' [ NBoxType ] /
			  'Enclosed' [ NBoxType ] /
			  'Previous' [ NBoxType ] /
			  'Next' [ NBoxType ] /
			  'Refered' [ NBoxType ] /
			  'Referred' [ NBoxType ] /
			  'Creator' /
			  'Root' /
			  '*' /
			  BoxType .
   99	NBoxType =	  [ 'NOT' ] BoxType .
  100	BoxType =	  BoxName / [ '*' ] [ FirstSec ] TypeName /
			  'AnyElem' / 'AnyBox' / 'ElemWithAttr' AttrName .
   94	VertAxis =	  'Left' / 'VMiddle' / 'VRef' / 'Right' . 
   92	HorizAxis =	  'Top' / 'HMiddle' /'HRef' / 'Bottom' .
	
   58	Dimension =	  Reference '.' HeightWidth [ Ratio ] [ 'Min' ] / 
			  AbsDist [ 'UserSpecified' ] [ 'Min' ] /
			  PosH / PosV .
  101	HeightWidth =	  'Height' / 'Width' .
  102	Ratio =		  '*' DimRatioA '%' / Distance .
  103	DimRatioA =	  DimRatio / AttrName .
  104	DimRatio =	  NUMBER .
   72	AbsDist =	  IntPartA [ '.' DecimPart ] [ Unit ] .
  105	IntPartA =	  IntPart / AttrName .
  108	IntPart =	  NUMBER .
  106	DecimPart =	  NUMBER .
  107	Unit =		  'CM' / 'MM' / 'PT' / 'PC' / 'IN' / 'PX' / 'EM' / 'EX' / '%' .
	
   88	Distance =	  [ Sign ] AbsDist .
  109	Sign =		  '+' / '-' .
	
  110	Inheritage =	  Link  InheritVal .
   90	Link =		  'Enclosing' / 'Enclosed' / 'Previous' / 'Creator' /
			  'GrandFather' .
  111	InheritVal =	  '+' PosIntegerA [ 'Max' maximumA ] /
			  '-' NegIntegerA [ 'Min' minimumA ] /
			  '=' .
  112	PosIntegerA =	  PosInteger / AttrName .
  116	PosInteger =	  NUMBER .
  114	NegIntegerA =	  NegInteger / AttrName .
  117	NegInteger =	  NUMBER .
  113	maximumA =	  maximum / AttrName .
  118	maximum =	  NUMBER .
  115	minimumA =	  minimum / AttrName .
  119	minimum =	  NUMBER .
	
   65	NbInherit =	  Integer / AttrName / Inheritage .
  120	Integer =	  NUMBER .
   61	Boolean =	  'Yes' / 'No' .
	
   63	DistInherit =	  Link InheritDist / Distance .
  121	InheritDist =	  '=' / '+' AbsDist / '-' AbsDist .
	
   62	BoolInherit =	  Boolean / Link '=' .
	
   71	AdjustInherit =	  Adjustment / Link '=' .
  122	Adjustment =	  'Left' / 'Right' / 'VMiddle' / 'LeftWithDots' / 'Justify' .
	
   64	SizeInherit =	  SizeA [ 'PT' ] / Link  InheritSize .
  124	InheritSize =	  '+' PosSizeA [ 'PT' ] [ 'Max' MaxSizeA ] /
			  '-' NegSizeA [ 'PT' ] [ 'Min' MinSizeA ] /
			  '*' PercentSizeA '%' /
			  '=' .
  123	SizeA =		  Size / AttrName .
  130	Size =		  NUMBER .
  125	PosSizeA =	  PosSize / AttrName .
  131	PosSize =	  NUMBER .
  127	NegSizeA =	  NegSize / AttrName .
  132	NegSize =	  NUMBER .
  126	MaxSizeA =	  MaxSize / AttrName .
  133	MaxSize =	  NUMBER .
  128	MinSizeA =	  MinSize / AttrName .
  134	MinSize =	  NUMBER .
  129	PercentSizeA =	  PercentSize / AttrName .
  135	PercentSize =	  NUMBER .
	
   66	NameInherit =	  Link '=' / FontColorName .
   79	Color =           'Transparent' / Link '=' / FontColorName .
   69	StyleInherit =	  Link '=' / 'Roman' / 'Italics' / 'Oblique' /
			  { the next three values are obsolete }
			  'Bold' / 'BoldItalics' / 'BoldOblique' .
   70	WeightInherit =	  Link '=' / 'Normal' / 'Bold' .
   67	UnderLineInherit = Link '=' / 'NoUnderline' / 'Underlined' / 'Overlined' /
			  'CrossedOut' .
   68	ThicknessInherit = Link '=' / 'Thick' / 'Thin' .
	
   11	AttrList =	  Attr < Attr > .
  136	Attr =		  AttrName [ '(' FSTypeName ')' ] [ AttrRelat ] ':'
			  ViewRuleList .
   22	AttrName =	  NAME .
  137	FSTypeName =	  [ FirstSec ] TypeName .
  138	AttrRelat =	  '=' AttrValue / '>' [ '-' ] MinVal / '<' [ '-' ] MaxVal /
			  'IN' '[' ['-'] MinInterval '.' '.' ['-'] MaxInterval ']' /
			  'GREATER' AttrName / 'LESS' AttrName / 'EQUAL' AttrName .
  139	AttrValue =	  [ '-' ] ValEqual / TextEqual / AttrVal .
  140	MinVal =	  NUMBER .
  141	MaxVal =	  NUMBER .
  142	MinInterval =	  NUMBER .
  143	MaxInterval =	  NUMBER .
  144	ValEqual =	  NUMBER .
  145	TextEqual =	  STRING .
  146	AttrVal =	  NAME .
	
   74	Creation =	  Create [ 'Repeated' ] .
   50	SeqCondition =	  Condition < 'AND' Condition > .
  148	Condition =	  [ 'NOT' ] [ 'Target' ] ElemCondition .
  149	ElemCondition =	  'First' / 'Last' /
			  'Referred' / 'FirstRef' / 'LastRef' /
			  'ExternalRef' / 'InternalRef' / 'CopyRef' /
			  'AnyAttributes' / 'FirstAttr' / 'LastAttr' /
			  'UserPage' / 'StartPage' / 'ComputedPage' /
			  'Empty' / 'Root' /
			  '(' [ MaxMinValue ] CounterName CounterCond ')' /
			  CondPage '(' CounterName ')' /
			  [ 'Immediately' ] 'Within' [ ParentLevel ] TypeName
			  [ ExtStruct ] /
			  TypeName / AttrName .
	
  152	ParentLevel =	  [ GreaterLess ] RelLevel .
  153	GreaterLess =	  '>' / '<' .
  154	RelLevel =	  NUMBER.
   40	MaxMinValue =	  'MaxRangeVal' / 'MinRangeVal' .
  150	CounterCond =	  '<' MaxCounterVal / '>' MinCounterVal / '=' CounterValEqual / 
	                  'IN' '[' ['-'] MinCounterInter '.' '.' ['-'] MaxCounterInter ']' .
  151	CondPage =	  'Even' / 'Odd' / 'One' .
  147	Create =	  'Create' / 'CreateBefore' / 'CreateAfter' /
			  'CreateLast' / 'CreateFirst' / 'CreateWith' /
			  'CreateEnclosing'.
			  { Create is obsolete; replaced by CreateFirst }
  155	MaxCounterVal =	  NUMBER .
  156	MinCounterVal =	  NUMBER .
  157	CounterValEqual = NUMBER .
  159	MaxCounterInter = NUMBER .
  158	MinCounterInter = NUMBER .
	
   75	BoxNameList =	  BoxName < ',' BoxName > .
	
   12	TransmitList =	  Transmit < Transmit > .
  160	Transmit =	  TypeOrCounter 'To' ExternalAttr '(' TypeName ')' ';' .
  161	TypeOrCounter =	  CounterName / TypeName .
  162	ExternalAttr =	  NAME .
	
	END
	


*** SHORT KEY-WORDS ***

code  character  numbers of rules using the key-word

1001      ;       1   3   4  17  28  34  41   8  47  49  46  46  46  46  46 160
1002      ,       3   4  37  75
1003      :      17  34  41  51  51  51  51  51  51  51  51  51  51  52  52  52
                 52  52  52  52  52  52  52  52  52  52  52  52  52  53  53  54
                 54  54  54  54  54  54  55  55  55  55  55  55  55  55  55  55
                 55  55  55  55  55  55  55  55  55  55  96 136
1004      -      21 109 111 121 124 138 138 138 138 139 150 150
1005      (      20  37  38  53  53  53  53  91  73 136 149 149 160
1006      )      20  37  38  53  53  53  53  91  73 136 149 149 160
1007      *      20  93  95  96  98 100 102 124
1008      =      28  87  87  77  78  59  60 111 121  62  71 124  66  79  69  70
                 67  68 138 150
1009      .      93  95  57  56  58  72 138 138 150 150
1010      %     102 107 124
1011      +     109 111 121 124
1012      >     138 153 150
1013      <     138 153 150
1014      [     138 150
1015      ]     138 150



*** LONG KEY-WORDS ***

code  key-word      numbers of rules using the key-word

1101  PRESENTATION        1
1102  VIEWS               1
1103  PRINT               1
1104  COUNTERS            1
1105  CONST               1
1106  VAR                 1
1107  DEFAULT             1
1108  BOXES               1
1109  RULES               1
1110  ATTRIBUTES          1
1111  TRANSMIT            1
1112  END                 1   8  47  49
1113  EXPORT             13
1114  MERGE              13
1115  With               13  25
1116  RANK               19
1117  OF                 19  19
1118  INIT               19  19
1119  REINIT             19
1120  RLevel             19
1121  SET                23
1122  ON                 23  24
1123  ADD                24
1124  Page               20  53
1125  Without            25
1126  TEXT               30
1127  SYMBOL             30
1128  GRAPHICS           30
1129  PICTURE            30
1130  DATE               37
1131  FDATE              37
1132  DocName            37
1133  DirName            37
1134  ElemName           37
1135  AttributeName      37
1136  AttributeValue     37
1137  VALUE              37
1138  PageNumber         38
1139  ARABIC             39
1140  UROMAN             39
1141  LROMAN             39
1142  UPPERCASE          39
1143  LOWERCASE          39
1144  FORWARD            41
1145  BEGIN               8  47  49
1146  IN                 44 107 138 150
1147  Otherwise          45
1148  IF                 48
1149  VertRef            51
1150  HorizRef           51
1151  Height             51 101
1152  Width              51 101
1153  VertPos            51
1154  HorizPos           51
1155  VertOverflow       51
1156  HorizOverflow      51
1157  Hyphenate          51
1158  LineSpacing        51
1159  LineBreak          52
1160  PageBreak          52
1161  InLine             52
1162  Size               52
1163  Visibility         52
1164  Font               52
1165  Underline          52
1166  Thickness          52
1167  Style              52
1168  Weight             52
1169  Indent             52
1170  Adjust             52
1171  NoBreak1           52
1172  NoBreak2           52
1173  Content            52
1174  Gather             52
1175  Line               53
1176  NoLine             53
1177  Included           53
1178  Column             53
1179  Copy               53
1180  Depth              53
1181  Direction          53
1182  LineStyle          54
1183  LineWeight         54
1184  FillPattern        54
1185  Background         54
1186  Foreground         54  85
1187  ShowBox            54
1188  BackgroundPicture  54
1189  PictureMode        54
1190  MarginTop          55
1191  MarginRight        55
1192  MarginBottom       55
1193  MarginLeft         55
1194  PaddingTop         55
1195  PaddingRight       55
1196  PaddingBottom      55
1197  PaddingLeft        55
1198  BorderTopWidth     55
1199  BorderRightWidth   55
1200  BorderBottomWidth  55
1201  BorderLeftWidth    55
1202  BorderTopColor     55
1203  BorderRightColor   55
1204  BorderBottomColor  55
1205  BorderLeftColor    55
1206  BorderTopStyle     55
1207  BorderRightStyle   55
1208  BorderBottomStyle  55
1209  BorderLeftStyle    55
1210  Auto               82
1211  Thin               84  68
1212  Medium             84
1213  Thick              84  68
1214  Transparent        85  79
1215  None               86
1216  Hidden             86
1217  Dotted             86  78
1218  Dashed             86  78
1219  Solid              86  78
1220  Double             86
1221  Groove             86
1222  Ridge              86
1223  Inset              86
1224  Outset             86
1225  Enclosing          87  98  90
1226  Creator            87  98  90
1227  NormalSize         81
1228  Scale              81
1229  RepeatXY           81
1230  RepeatX            81
1231  RepeatY            81
1232  ltr                77
1233  rtl                77
1234  nil                59  60
1235  UserSpecified      59  60  58
1236  Refering           93  95
1237  First              97 149
1238  Second             97
1239  Enclosed           98  90
1240  Previous           98  90
1241  Next               98
1242  Refered            98
1243  Referred           98 149
1244  Root               98 149
1245  NOT                99 148
1246  AnyElem           100
1247  AnyBox            100
1248  ElemWithAttr      100
1249  Left               94 122
1250  VMiddle            94 122
1251  VRef               94
1252  Right              94 122
1253  Top                92
1254  HMiddle            92
1255  HRef               92
1256  Bottom             92
1257  Min                58  58 111 124
1258  CM                107
1259  MM                107
1260  PT                107  64 124 124
1261  PC                107
1262  PX                107
1263  EM                107
1264  EX                107
1265  GrandFather        90
1266  Max               111 124
1267  Yes                61
1268  No                 61
1269  LeftWithDots      122
1270  Justify           122
1271  Roman              69
1272  Italics            69
1273  Oblique            69
1274  Bold               69  70
1275  BoldItalics        69
1276  BoldOblique        69
1277  Normal             70
1278  NoUnderline        67
1279  Underlined         67
1280  Overlined          67
1281  CrossedOut         67
1282  GREATER           138
1283  LESS              138
1284  EQUAL             138
1285  Repeated           74
1286  AND                50
1287  Target            148
1288  Last              149
1289  FirstRef          149
1290  LastRef           149
1291  ExternalRef       149
1292  InternalRef       149
1293  CopyRef           149
1294  AnyAttributes     149
1295  FirstAttr         149
1296  LastAttr          149
1297  UserPage          149
1298  StartPage         149
1299  ComputedPage      149
1300  Empty             149
1301  Immediately       149
1302  Within            149
1303  MaxRangeVal        40
1304  MinRangeVal        40
1305  Even              151
1306  Odd               151
1307  One               151
1308  Create            147
1309  CreateBefore      147
1310  CreateAfter       147
1311  CreateLast        147
1312  CreateFirst       147
1313  CreateWith        147
1314  CreateEnclosing   147
1315  To                160



*** TABLE OF RULES AND REFERENCES ***

code is the code of the symbol and the code of the rule
where that symbol appears in the left part. For each symbol,
the rule numbers indicate the rules that use that symbol in
their right part.

 code  symbol        rule numbers

    1  PresentModel     
    2  TypeName            1  19  20  76  91  93  95  96 100 137 149 149 160 161
    3  ViewList            1
    4  PrintViewList       1
    5  CounterList         1
    6  ConstList           1
    7  VarList             1
    8  ViewRuleList        1  41  96 136
    9  BoxList             1
   10  PresentList         1
   11  AttrList            1
   12  TransmitList        1
   13  DclView             3   3
   14  ViewName           13  15  15  16  20  38  44
   15  MergeViews         13
   16  PrintView           4   4
   17  Counter             5   5
   18  CounterName        17  38 149 149 161
   19  CountFunction      17
   20  TypeOrPage         19  23  24
   21  RelAncestorLevel   19
   22  AttrName           19  19  19  25  25  37  38 100 103 105 112 114 113 115
                            65 123 125 127 126 128 129 136 138 138 138 149
   23  SetRule            19  19
   24  AddRule            19  19
   25  CondAttr           19  20
   26  AncestorLevel      21
   27  CountValue         23  24
   28  Const               6   6
   29  ConstName          28  37  73
   30  ConstType          28  37  73
   31  ConstValue         28  37  73
   32  AlphabetName       30
   33  ImageType          30
   34  Variable            7   7
   35  VarName            34  73
   36  FunctList          34  73
   37  Function           36  36
   38  CounterAttrPage    37
   39  CounterStyle       37
   40  MaxMinValue        38 149
   41  Box                 9   9
   42  BoxName            41  41  53  53  76 100  75  75
   43  RulesAndCondRules   8  47
   44  ViewRules           8   8
   45  CondRules           8  43  47
   46  Rule                8  43  47  49  49  49
   47  CondRuleList       44
   48  CondRule           45  45
   49  RuleList           45  48
   50  SeqCondition       48
   51  Rule1              46
   52  Rule2              46
   53  Rule3              46
   54  Rule4              46
   55  Rule5              46
   56  HorizPosition      51  95
   57  VertPosition       51  93
   58  Dimension          51  51
   59  PosH               51  58
   60  PosV               51  58
   61  Boolean            51  51  52  52  52  52  62
   62  BoolInherit        51
   63  DistInherit        51  52  54
   64  SizeInherit        52
   65  NbInherit          52  53
   66  NameInherit        52  54
   67  UnderLineInherit   52
   68  ThicknessInherit   52
   69  StyleInherit       52
   70  WeightInherit      52
   71  AdjustInherit      52
   72  AbsDist            52  52  58  88 121 121
   73  VarConst           52
   74  Creation           53
   75  BoxNameList        53
   76  BoxTypeCopied      53
   77  DirInherit         53
   78  LineStyleInherit   54
   79  Color              54  54
   80  FileName           54
   81  PictMode           54
   82  MarginWidth        55  55  55  55
   83  PaddingWidth       55  55  55  55
   84  BorderWidth        55  55  55  55
   85  BorderColor        55  55  55  55
   86  BorderStyle        55  55  55  55
   87  InheritParent      82  83  84  85  86
   88  Distance           82  83  84  93  95  57  56 102  63
   89  FontColorName      85  66  79
   90  Link               77  78 110  63  62  71  64  66  79  69  70  67  68
   91  ExtStruct          76  76 149
   92  HorizAxis          59  93  57
   93  RefVPosition       59
   94  VertAxis           60  95  56
   95  RefHPosition       60
   96  Present            10  10
   97  FirstSec           96 100 137
   98  Reference          57  56  58
   99  NBoxType           98  98  98  98  98  98
  100  BoxType            98  99
  101  HeightWidth        58
  102  Ratio              58
  103  DimRatioA         102
  104  DimRatio          103
  105  IntPartA           72
  106  DecimPart          72
  107  Unit               72
  108  IntPart           105
  109  Sign               88
  110  Inheritage         65
  111  InheritVal        110
  112  PosIntegerA       111
  113  maximumA          111
  114  NegIntegerA       111
  115  minimumA          111
  116  PosInteger        112
  117  NegInteger        114
  118  maximum           113
  119  minimum           115
  120  Integer            65
  121  InheritDist        63
  122  Adjustment         71
  123  SizeA              64
  124  InheritSize        64
  125  PosSizeA          124
  126  MaxSizeA          124
  127  NegSizeA          124
  128  MinSizeA          124
  129  PercentSizeA      124
  130  Size              123
  131  PosSize           125
  132  NegSize           127
  133  MaxSize           126
  134  MinSize           128
  135  PercentSize       129
  136  Attr               11  11
  137  FSTypeName        136
  138  AttrRelat         136
  139  AttrValue         138
  140  MinVal            138
  141  MaxVal            138
  142  MinInterval       138
  143  MaxInterval       138
  144  ValEqual          139
  145  TextEqual         139
  146  AttrVal           139
  147  Create             74
  148  Condition          50  50
  149  ElemCondition     148
  150  CounterCond       149
  151  CondPage          149
  152  ParentLevel       149
  153  GreaterLess       152
  154  RelLevel          152
  155  MaxCounterVal     150
  156  MinCounterVal     150
  157  CounterValEqual   150
  158  MinCounterInter   150
  159  MaxCounterInter   150
  160  Transmit           12  12
  161  TypeOrCounter     160
  162  ExternalAttr      160



*** REFERENCES TO BASIC TYPES ***

Numbers of the rules using NAME
   2  14  18  29  32  35  42  89  22 146 162

Numbers of the rules using NUMBER
  26  27  33 104 108 106 116 117 118 119 120 130 131 132 133 134 135 140 141 142
 143 144 154 155 156 157 159 158

Numbers of the rules using STRING
  31  80 145
