GRAMMAR OF FILE PRESEN.LAN


 rule
number

		{ This grammar defines the language P of Thot
		The notation used here is defined in file META.LAN
	
		   ' '  : keyword
	           [ ]  : optional part
	           < >  : optional and repeatable part
	           /    : choice
	
		V. Quint	February 1985	}
	
    1	PresentModel =	  'PRESENTATION' TypeName ';'
			[ 'VIEWS' ViewList ]
			[ 'PRINT' PrintViewList ]
			[ 'COUNTERS' CounterList ]
			[ 'CONST' ConstList ]
			[ 'VAR' VarList ]
			[ 'DEFAULT' ViewRuleList ]
			[ 'BOXES' BoxList ]
			[ 'RULES' PresentList ]
			[ 'ATTRIBUTES' AttrList ]
			[ 'TRANSMIT' TransmitList ]
			  'END' .
	
    2	TypeName =	  NAME .
	
    3	ViewList =	  DclView < ',' DclView > ';' .
   13	DclView =	  ViewName [ 'EXPORT' ] .
   14	ViewName =	  NAME .
	
    4	PrintViewList =	  PrintView < ',' PrintView > ';' .
   15	PrintView =	  ViewName / TypeName .
	
    5	CounterList =	  Counter < Counter > .
   16	Counter =	  CounterName ':' CountFunction ';' .
   17	CounterName =	  NAME . 
	
   18	CountFunction =	  'RANK' 'OF' TypeOrPage [ RelAncestorLevel ] [ 'INIT' AttrName ]
			  [ 'REINIT' AttrName ] /
			  SetRule < SetRule > AddRule < AddRule > [ 'INIT' AttrName ] /
			  'RLevel' 'OF' TypeName .
   20	RelAncestorLevel = [ '-' ] AncestorLevel .
   24	AncestorLevel =	  NUMBER .
   22	SetRule =	  'SET' CountValue 'ON' TypeOrPage .
   23	AddRule =	  'ADD' CountValue 'ON' TypeOrPage .
   19	TypeOrPage =	  'Page' [ '(' ViewName ')' ] / [ '*' ] TypeName .
   25	CountValue =	  NUMBER .
	
    6	ConstList =	  Const < Const > .
   26	Const =		  ConstName '=' ConstType ConstValue ';' .
   27	ConstName =	  NAME .
   28	ConstType =	  'TEXT' [ AlphabetName ] /
			  'SYMBOL' / 'GRAPHICS' / 
			  'PICTURE' [ ImageType ] .
   30	AlphabetName =	  NAME .
   31	ImageType = 	  NUMBER .
   29	ConstValue =	  STRING .
	
    7	VarList =	  Variable < Variable > .
   32	Variable =	  VarName ':' FunctList ';' .
   33	VarName =	  NAME .
   34	FunctList =	  Function < Function > .
   35	Function =	  'DATE' / 'FDATE' /
			  'DocName' / 'DirName' /
			  'ElemName' / 'AttributeName' /
			  'VALUE' '(' CounterAttrPage ',' CounterStyle ')' /
			  ConstType ConstValue /
			  ConstName / AttrName .
   36	CounterAttrPage = 'PageNumber' [ '(' ViewName ')' ] /
			  [ MaxMinValue ] CounterName / AttrName .
   37	CounterStyle =	  'ARABIC' / 'UROMAN' / 'LROMAN' / 'UPPERCASE' /
			  'LOWERCASE' .
	
    9	BoxList =	  Box < Box > .
   39	Box =		  'FORWARD' BoxName ';' /
			  BoxName ':' ViewRuleList .
   40	BoxName =	  NAME .
	
    8	ViewRuleList =	  'BEGIN' < RulesAndCondRules > < ViewRules > 'END' ';' /
			   ViewRules / CondRules / Rule .
   41	RulesAndCondRules = CondRules / Rule .
	
   42	ViewRules =	  'IN' ViewName CondRuleList .
   45	CondRuleList =	  'BEGIN' < RulesAndCondRules > 'END' ';' /
			  CondRules / Rule .
   43	CondRules =	  CondRule  < CondRule > [ 'Otherwise' RuleList ] .
   46	CondRule =	  'IF' SeqCondition RuleList .
	
   47	RuleList =	  'BEGIN' Rule < Rule > 'END' ';' / Rule .
	
   44	Rule =		  Rule1 ';' / Rule2 ';' / Rule3 ';' / Rule4 ';' .
   49	Rule1 =	  	  'VertRef' ':' HorizPosition /
			  'HorizRef' ':' VertPosition /
			  'Height' ':' Dimension /
			  'Width' ':' Dimension /
			  'VertPos' ':' PosH /
			  'HorizPos' ':' PosV /
			  'VertOverflow' ':' Boolean /
			  'HorizOverflow' ':' Boolean /
			  'Justify' ':' BoolInherit /
			  'Hyphenate' ':' BoolInherit /
			  'LineSpacing' ':' DistInherit .
   50	Rule2 =		  'Break' ':' Boolean /
			  { Break is obsolete; replaced by PageBreak }
			  'LineBreak' ':' Boolean /
			  'PageBreak' ':' Boolean /
			  'InLine' ':' Boolean /
			  'Size'  ':' SizeInherit /
			  'Visibility' ':' NbInherit /
			  'Font' ':' NameInherit /
			  'Underline' ':' UnderLineInherit /
			  'Thickness' ':' ThicknessInherit /
			  'Style' ':' StyleInherit /
			  'Indent' ':' DistInherit /
			  'Adjust' ':' AdjustInherit /
			  'NoBreak1' ':' AbsDist /
			  'NoBreak2' ':' AbsDist /
			  'Content' ':' VarConst /
			  'Gather' ':' Boolean .
   51	Rule3 =		  Creation '(' BoxName ')' /
			  'Line' /
			  'NoLine' /
			  'Page' '(' BoxName ')' /
			  [ 'Included' ] 'Column' '(' BoxNameList ')' /
			  'Copy' '(' BoxTypeCopied ')' /
			  'Depth' ':' NbInherit .
   52	Rule4 =		  'LineStyle' ':' LineStyleInherit /
			  'LineWeight' ':' DistInherit /
			  'FillPattern' ':' NameInherit /
			  'Background' ':' NameInherit /
			  'Foreground' ':' NameInherit /
			  'ShowBox' /
			  'BackgroundPicture' ':' FileName /
			  'PictureMode' ':' PictMode .
	
   74	FileName =	  STRING .
   75	PictMode =	  'NormalSize' / 'Scale' / 'RepeatXY' / 'RepeatX' / 'RepeatY' .
	
   73	LineStyleInherit = Link '=' / 'Solid' / 'Dashed' / 'Dotted' .
	
   72	BoxTypeCopied =	  BoxName [ ExtStruct ] / TypeName [ ExtStruct ] .
   77	ExtStruct =	  '(' TypeName ')' .
	
   56	PosH =		  'nil' / HorizAxis '=' RefVPosition [ 'UserSpecified' ] .
   57	PosV =		  'nil' / VertAxis '=' RefHPosition [ 'UserSpecified' ] .
   79	RefVPosition =	  'Refering' [ '*' ] TypeName '.' HorizAxis [ Distance ] /
			  VertPosition .
   81	RefHPosition =	  'Refering' [ '*' ] TypeName '.' VertAxis [ Distance ] /
			  HorizPosition .
	
   69	VarConst =	  '(' FunctList ')' / ConstType ConstValue /
			  VarName / ConstName / TypeName .
	
   10	PresentList =	  Present < Present > .
   83	Present =	  [ '*' ] [ FirstSec ] TypeName ':' ViewRuleList .
   84	FirstSec =	  'First' / 'Second' .
	
   54	VertPosition =	  Reference '.' HorizAxis [ Distance ] .
   53	HorizPosition =	  Reference '.' VertAxis [ Distance ] .
   85	Reference =	  'Enclosing' [ NBoxType ] /
			  'Enclosed' [ NBoxType ] /
			  'Previous' [ NBoxType ] /
			  'Next' [ NBoxType ] /
			  'Refered' [ NBoxType ] /
			  'Referred' [ NBoxType ] /
			  'Creator' /
			  'Root' /
			  '*' /
			  BoxType .
   86	NBoxType =	  [ 'NOT' ] BoxType .
   87	BoxType =	  BoxName / [ '*' ] [ FirstSec ] TypeName / 'AnyElem' / 'AnyBox'.
   80	VertAxis =	  'Left' / 'VMiddle' / 'VRef' / 'Right' . 
   78	HorizAxis =	  'Top' / 'HMiddle' /'HRef' / 'Bottom' .
	
   55	Dimension =	  Reference '.' HeightWidth [ Ratio ] [ 'Min' ] / 
			  AbsDist [ 'UserSpecified' ] [ 'Min' ] /
			  PosH / PosV .
   88	HeightWidth =	  'Height' / 'Width' .
   89	Ratio =		  '*' DimRatioA '%' / Distance .
   90	DimRatioA =	  DimRatio / AttrName .
   91	DimRatio =	  NUMBER .
   68	AbsDist =	  IntPartA [ '.' DecimPart ] [ Unit ] .
   92	IntPartA =	  IntPart / AttrName .
   95	IntPart =	  NUMBER .
   93	DecimPart =	  NUMBER .
   94	Unit =		  'CM' / 'MM' / 'PT' / 'PC' / 'IN' / 'PX' / 'EM' / 'EX' / '%' .
	
   82	Distance =	  [ Sign ] AbsDist .
   96	Sign =		  '+' / '-' .
	
   97	Inheritage =	  Link  InheritVal .
   76	Link =		  'Enclosing' / 'Enclosed' / 'Previous' / 'Creator' /
			  'GrandFather' .
   98	InheritVal =	  '+' PosIntegerA [ 'Max' maximumA ] /
			  '-' NegIntegerA [ 'Min' minimumA ] /
			  '=' .
   99	PosIntegerA =	  PosInteger / AttrName .
  103	PosInteger =	  NUMBER .
  101	NegIntegerA =	  NegInteger / AttrName .
  104	NegInteger =	  NUMBER .
  100	maximumA =	  maximum / AttrName .
  105	maximum =	  NUMBER .
  102	minimumA =	  minimum / AttrName .
  106	minimum =	  NUMBER .
	
   62	NbInherit =	  Integer / AttrName / Inheritage .
  107	Integer =	  NUMBER .
   58	Boolean =	  'Yes' / 'No' .
	
   60	DistInherit =	  Link InheritDist / Distance .
  108	InheritDist =	  '=' / '+' AbsDist / '-' AbsDist .
	
   59	BoolInherit =	  Boolean / Link '=' .
	
   67	AdjustInherit =	  Adjustment / Link '=' .
  109	Adjustment =	  'Left' / 'Right' / 'VMiddle' / 'LeftWithDots' .
	
   61	SizeInherit =	  SizeA [ 'PT' ] / Link  InheritSize .
  111	InheritSize =	  '+' PosSizeA [ 'PT' ] [ 'Max' MaxSizeA ] /
			  '-' NegSizeA [ 'PT' ] [ 'Min' MinSizeA ] /
			  '=' .
  110	SizeA =		  Size / AttrName .
  116	Size =		  NUMBER .
  112	PosSizeA =	  PosSize / AttrName .
  117	PosSize =	  NUMBER .
  114	NegSizeA =	  NegSize / AttrName .
  118	NegSize =	  NUMBER .
  113	MaxSizeA =	  MaxSize / AttrName .
  119	MaxSize =	  NUMBER .
  115	MinSizeA =	  MinSize / AttrName .
  120	MinSize =	  NUMBER .
	
   63	NameInherit =	  Link '=' / FontStyleName .
  121	FontStyleName =	  NAME .
   66	StyleInherit =	  Link '=' / 'Roman' / 'Bold' / 'Italics' / 'BoldItalics' /
			  'Oblique' / 'BoldOblique' .
   64	UnderLineInherit = Link '=' / 'NoUnderline' / 'Underlined' / 'Overlined' /
			  'CrossedOut' .
   65	ThicknessInherit = Link '=' / 'Thick' / 'Thin' .
	
   11	AttrList =	  Attr < Attr > .
  122	Attr =		  AttrName [ '(' FSTypeName ')' ] [ AttrRelat ] ':'
			  ViewRuleList .
   21	AttrName =	  NAME .
  123	FSTypeName =	  [ FirstSec ] TypeName .
  124	AttrRelat =	  '=' AttrValue / '>' [ '-' ] MinVal / '<' [ '-' ] MaxVal /
			  'IN' '[' ['-'] MinInterval '.' '.' ['-'] MaxInterval ']' /
			  'GREATER' AttrName / 'LESS' AttrName / 'EQUAL' AttrName .
  125	AttrValue =	  [ '-' ] ValEqual / TextEqual / AttrVal .
  126	MinVal =	  NUMBER .
  127	MaxVal =	  NUMBER .
  128	MinInterval =	  NUMBER .
  129	MaxInterval =	  NUMBER .
  130	ValEqual =	  NUMBER .
  131	TextEqual =	  STRING .
  132	AttrVal =	  NAME .
	
   70	Creation =	  Create [ 'Repeated' ] .
   48	SeqCondition =	  Condition < 'AND' Condition > .
  134	Condition =	  [ 'NOT' ] [ 'Target' ] ElemCondition .
  135	ElemCondition =	  'First' / 'Last' /
			  'Referred' / 'FirstRef' / 'LastRef' /
			  'ExternalRef' / 'InternalRef' / 'CopyRef' /
			  'AnyAttributes' / 'FirstAttr' / 'LastAttr' /
			  'UserPage' / 'StartPage' / 'ComputedPage' /
			  'Empty' /
			  '(' [ MaxMinValue ] CounterName CounterCond ')' /
			  CondPage '(' CounterName ')' /
			  [ 'Immediately' ] 'Within' [ ParentLevel ] TypeName
			  [ ExtStruct ] /
			  TypeName / AttrName .
	
  138	ParentLevel =	  [ GreaterLess ] RelLevel .
  139	GreaterLess =	  '>' / '<' .
  140	RelLevel =	  NUMBER.
   38	MaxMinValue =	  'MaxRangeVal' / 'MinRangeVal' .
  136	CounterCond =	  '<' MaxCounterVal / '>' MinCounterVal / '=' CounterValEqual / 
	                  'IN' '[' ['-'] MinCounterInter '.' '.' ['-'] MaxCounterInter ']' .
  137	CondPage =	  'Even' / 'Odd' / 'One' .
  133	Create =	  'Create' / 'CreateBefore' / 'CreateAfter' /
			  'CreateLast' / 'CreateFirst' / 'CreateWith' /
			  'CreateEnclosing'.
			  { Create is obsolete; replaced by CreateFirst }
  141	MaxCounterVal =	  NUMBER .
  142	MinCounterVal =	  NUMBER .
  143	CounterValEqual = NUMBER .
  145	MaxCounterInter = NUMBER .
  144	MinCounterInter = NUMBER .
	
   71	BoxNameList =	  BoxName < ',' BoxName > .
	
   12	TransmitList =	  Transmit < Transmit > .
  146	Transmit =	  TypeOrCounter 'To' ExternalAttr '(' TypeName ')' ';' .
  147	TypeOrCounter =	  CounterName / TypeName .
  148	ExternalAttr =	  NAME .
	
	END
	


*** SHORT KEY-WORDS ***

code  character  numbers of rules using the key-word

1001      ;       1   3   4  16  26  32  39   8  45  47  44  44  44  44 146
1002      ,       3   4  35  71
1003      :      16  32  39  49  49  49  49  49  49  49  49  49  49  49  50  50
                 50  50  50  50  50  50  50  50  50  50  50  50  50  50  51  52
                 52  52  52  52  52  52  83 122
1004      -      20  96  98 108 111 124 124 124 124 125 136 136
1005      (      19  35  36  51  51  51  51  77  69 122 135 135 146
1006      )      19  35  36  51  51  51  51  77  69 122 135 135 146
1007      *      19  79  81  83  85  87  89
1008      =      26  73  56  57  98 108  59  67 111  63  66  64  65 124 136
1009      .      79  81  54  53  55  68 124 124 136 136
1010      %      89  94
1011      +      96  98 108 111
1012      >     124 139 136
1013      <     124 139 136
1014      [     124 136
1015      ]     124 136



*** LONG KEY-WORDS ***

code  key-word      numbers of rules using the key-word

1101  PRESENTATION        1
1102  VIEWS               1
1103  PRINT               1
1104  COUNTERS            1
1105  CONST               1
1106  VAR                 1
1107  DEFAULT             1
1108  BOXES               1
1109  RULES               1
1110  ATTRIBUTES          1
1111  TRANSMIT            1
1112  END                 1   8  45  47
1113  EXPORT             13
1114  RANK               18
1115  OF                 18  18
1116  INIT               18  18
1117  REINIT             18
1118  RLevel             18
1119  SET                22
1120  ON                 22  23
1121  ADD                23
1122  Page               19  51
1123  TEXT               28
1124  SYMBOL             28
1125  GRAPHICS           28
1126  PICTURE            28
1127  DATE               35
1128  FDATE              35
1129  DocName            35
1130  DirName            35
1131  ElemName           35
1132  AttributeName      35
1133  VALUE              35
1134  PageNumber         36
1135  ARABIC             37
1136  UROMAN             37
1137  LROMAN             37
1138  UPPERCASE          37
1139  LOWERCASE          37
1140  FORWARD            39
1141  BEGIN               8  45  47
1142  IN                 42  94 124 136
1143  Otherwise          43
1144  IF                 46
1145  VertRef            49
1146  HorizRef           49
1147  Height             49  88
1148  Width              49  88
1149  VertPos            49
1150  HorizPos           49
1151  VertOverflow       49
1152  HorizOverflow      49
1153  Justify            49
1154  Hyphenate          49
1155  LineSpacing        49
1156  Break              50
1157  LineBreak          50
1158  PageBreak          50
1159  InLine             50
1160  Size               50
1161  Visibility         50
1162  Font               50
1163  Underline          50
1164  Thickness          50
1165  Style              50
1166  Indent             50
1167  Adjust             50
1168  NoBreak1           50
1169  NoBreak2           50
1170  Content            50
1171  Gather             50
1172  Line               51
1173  NoLine             51
1174  Included           51
1175  Column             51
1176  Copy               51
1177  Depth              51
1178  LineStyle          52
1179  LineWeight         52
1180  FillPattern        52
1181  Background         52
1182  Foreground         52
1183  ShowBox            52
1184  BackgroundPicture  52
1185  PictureMode        52
1186  NormalSize         75
1187  Scale              75
1188  RepeatXY           75
1189  RepeatX            75
1190  RepeatY            75
1191  Solid              73
1192  Dashed             73
1193  Dotted             73
1194  nil                56  57
1195  UserSpecified      56  57  55
1196  Refering           79  81
1197  First              84 135
1198  Second             84
1199  Enclosing          85  76
1200  Enclosed           85  76
1201  Previous           85  76
1202  Next               85
1203  Refered            85
1204  Referred           85 135
1205  Creator            85  76
1206  Root               85
1207  NOT                86 134
1208  AnyElem            87
1209  AnyBox             87
1210  Left               80 109
1211  VMiddle            80 109
1212  VRef               80
1213  Right              80 109
1214  Top                78
1215  HMiddle            78
1216  HRef               78
1217  Bottom             78
1218  Min                55  55  98 111
1219  CM                 94
1220  MM                 94
1221  PT                 94  61 111 111
1222  PC                 94
1223  PX                 94
1224  EM                 94
1225  EX                 94
1226  GrandFather        76
1227  Max                98 111
1228  Yes                58
1229  No                 58
1230  LeftWithDots      109
1231  Roman              66
1232  Bold               66
1233  Italics            66
1234  BoldItalics        66
1235  Oblique            66
1236  BoldOblique        66
1237  NoUnderline        64
1238  Underlined         64
1239  Overlined          64
1240  CrossedOut         64
1241  Thick              65
1242  Thin               65
1243  GREATER           124
1244  LESS              124
1245  EQUAL             124
1246  Repeated           70
1247  AND                48
1248  Target            134
1249  Last              135
1250  FirstRef          135
1251  LastRef           135
1252  ExternalRef       135
1253  InternalRef       135
1254  CopyRef           135
1255  AnyAttributes     135
1256  FirstAttr         135
1257  LastAttr          135
1258  UserPage          135
1259  StartPage         135
1260  ComputedPage      135
1261  Empty             135
1262  Immediately       135
1263  Within            135
1264  MaxRangeVal        38
1265  MinRangeVal        38
1266  Even              137
1267  Odd               137
1268  One               137
1269  Create            133
1270  CreateBefore      133
1271  CreateAfter       133
1272  CreateLast        133
1273  CreateFirst       133
1274  CreateWith        133
1275  CreateEnclosing   133
1276  To                146



*** TABLE OF RULES AND REFERENCES ***

The code is the code of the symbol and the code of the rule
where that symbol appears in the left part. For each symbole,
the rule numbers indicate the rules that use that symbol in
right part.

 code  symbol        rule numbers

    1  PresentModel     
    2  TypeName            1  15  18  19  72  77  79  81  69  83  87 123 135 135
                           146 147
    3  ViewList            1
    4  PrintViewList       1
    5  CounterList         1
    6  ConstList           1
    7  VarList             1
    8  ViewRuleList        1  39  83 122
    9  BoxList             1
   10  PresentList         1
   11  AttrList            1
   12  TransmitList        1
   13  DclView             3   3
   14  ViewName           13  15  19  36  42
   15  PrintView           4   4
   16  Counter             5   5
   17  CounterName        16  36 135 135 147
   18  CountFunction      16
   19  TypeOrPage         18  22  23
   20  RelAncestorLevel   18
   21  AttrName           18  18  18  35  36  90  92  99 101 100 102  62 110 112
                           114 113 115 122 124 124 124 135
   22  SetRule            18  18
   23  AddRule            18  18
   24  AncestorLevel      20
   25  CountValue         22  23
   26  Const               6   6
   27  ConstName          26  35  69
   28  ConstType          26  35  69
   29  ConstValue         26  35  69
   30  AlphabetName       28
   31  ImageType          28
   32  Variable            7   7
   33  VarName            32  69
   34  FunctList          32  69
   35  Function           34  34
   36  CounterAttrPage    35
   37  CounterStyle       35
   38  MaxMinValue        36 135
   39  Box                 9   9
   40  BoxName            39  39  51  51  72  87  71  71
   41  RulesAndCondRules   8  45
   42  ViewRules           8   8
   43  CondRules           8  41  45
   44  Rule                8  41  45  47  47  47
   45  CondRuleList       42
   46  CondRule           43  43
   47  RuleList           43  46
   48  SeqCondition       46
   49  Rule1              44
   50  Rule2              44
   51  Rule3              44
   52  Rule4              44
   53  HorizPosition      49  81
   54  VertPosition       49  79
   55  Dimension          49  49
   56  PosH               49  55
   57  PosV               49  55
   58  Boolean            49  49  50  50  50  50  50  59
   59  BoolInherit        49  49
   60  DistInherit        49  50  52
   61  SizeInherit        50
   62  NbInherit          50  51
   63  NameInherit        50  52  52  52
   64  UnderLineInherit   50
   65  ThicknessInherit   50
   66  StyleInherit       50
   67  AdjustInherit      50
   68  AbsDist            50  50  55  82 108 108
   69  VarConst           50
   70  Creation           51
   71  BoxNameList        51
   72  BoxTypeCopied      51
   73  LineStyleInherit   52
   74  FileName           52
   75  PictMode           52
   76  Link               73  97  60  59  67  61  63  66  64  65
   77  ExtStruct          72  72 135
   78  HorizAxis          56  79  54
   79  RefVPosition       56
   80  VertAxis           57  81  53
   81  RefHPosition       57
   82  Distance           79  81  54  53  89  60
   83  Present            10  10
   84  FirstSec           83  87 123
   85  Reference          54  53  55
   86  NBoxType           85  85  85  85  85  85
   87  BoxType            85  86
   88  HeightWidth        55
   89  Ratio              55
   90  DimRatioA          89
   91  DimRatio           90
   92  IntPartA           68
   93  DecimPart          68
   94  Unit               68
   95  IntPart            92
   96  Sign               82
   97  Inheritage         62
   98  InheritVal         97
   99  PosIntegerA        98
  100  maximumA           98
  101  NegIntegerA        98
  102  minimumA           98
  103  PosInteger         99
  104  NegInteger        101
  105  maximum           100
  106  minimum           102
  107  Integer            62
  108  InheritDist        60
  109  Adjustment         67
  110  SizeA              61
  111  InheritSize        61
  112  PosSizeA          111
  113  MaxSizeA          111
  114  NegSizeA          111
  115  MinSizeA          111
  116  Size              110
  117  PosSize           112
  118  NegSize           114
  119  MaxSize           113
  120  MinSize           115
  121  FontStyleName      63
  122  Attr               11  11
  123  FSTypeName        122
  124  AttrRelat         122
  125  AttrValue         124
  126  MinVal            124
  127  MaxVal            124
  128  MinInterval       124
  129  MaxInterval       124
  130  ValEqual          125
  131  TextEqual         125
  132  AttrVal           125
  133  Create             70
  134  Condition          48  48
  135  ElemCondition     134
  136  CounterCond       135
  137  CondPage          135
  138  ParentLevel       135
  139  GreaterLess       138
  140  RelLevel          138
  141  MaxCounterVal     136
  142  MinCounterVal     136
  143  CounterValEqual   136
  144  MinCounterInter   136
  145  MaxCounterInter   136
  146  Transmit           12  12
  147  TypeOrCounter     146
  148  ExternalAttr      146



*** REFERENCES TO BASIC TYPES ***

Numbers of the rules using NAME
   2  14  17  27  30  33  40 121  21 132 148

Numbers of the rules using NUMBER
  24  25  31  91  95  93 103 104 105 106 107 116 117 118 119 120 126 127 128 129
 130 140 141 142 143 145 144

Numbers of the rules using STRING
  29  74 131
