GRAMMAR OF FILE STRUCT.LAN


 rule
number

		{ This grammar defines the language S of Thot
		  The notation used here is defined in file META.LAN
	
		   ' '	: keyword
		   [ ]	: optional part
		   < >	: optional and repeatable part
		   /	: choice
	
		  V. Quint	March 1985	}
	
	
    1	StructModel =	   'STRUCTURE' [ 'EXTENSION' ] ElemName ';'
			   'DEFPRES' PresentName ';'
			 [ 'ATTR' AttrList ]
			 [ 'CONST' ConstList ]
			 [ 'STRUCT' RuleList ]
			 [ 'EXTENS' ExtensList ]
			 [ 'UNITS' RuleList ]
			 [ 'EXPORT' ExpList ]
			 [ 'EXCEPT' ExceptList ]
			   'END' .
	
    3	PresentName =	 NAME .
	
    4	AttrList =	 Attribute < Attribute > .
   10	Attribute =	 AttrName '=' AttrType ';' .
   12	AttrType =	 'INTEGER' / 'TEXT' /
			 'REFERENCE' '(' TypeRef ')' /
			 ValueList .
   13	TypeRef =	 'ANY' / [ FirstSec ] ElemName [ ExtStruct ] .
   15	FirstSec =       'First' / 'Second' .
   14	ValueList =	 AttrValue < ',' AttrValue > .
	
    5	ConstList =	 Const < Const > .
	
   18	Const =		 ConstName '=' ConstValue ';' .
	
   19	ConstName =	 NAME .
	
   20	ConstValue =	 STRING .
	
   21	BasicType =	 'TEXT' / 'GRAPHICS' / 'SYMBOL' / 'PICTURE' / 'UNIT' /
			 'NATURE' .
	
    6	RuleList =	 Rule ';' < Rule ';' > .
   22	Rule =		 ElemName [ LocAttrList ] '=' DefWith .
	
    2	ElemName =	 NAME .
	
   23	LocAttrList =	 '(' 'ATTR' LocalAttr < ';' LocalAttr > ')' .
   25	LocalAttr = 	 [ '!' ] AttrName [ '=' AttrType ] .
	
   24	DefWith =	 Definition
			 [ '+' '(' InclList ')' ] [ '-' '(' ExclList ')' ]
			 [ 'WITH' FixedAttrList ] .
	
   27	InclList =	 InclElem < ',' InclElem > .
   30	InclElem =       ElemName / BasicType .
   28	ExclList =	 ExclElem < ',' ExclElem > .
   31	ExclElem =       ElemName / BasicType .
	
   26	Definition =	 BasicType [ LocAttrList ]  / Constr / Element .
   33	Element =	 ElemName [ ExtOrDef ] .
   34	ExtOrDef =	 'EXTERN' / 'INCLUDED' / [ LocAttrList ] '=' Definition .
	
   32	Constr =	 'LIST' [ '[' min '.' '.' max ']' ] 'OF' '(' DefWith ')' /
			 'BEGIN' OptDefList 'END' /
			 'AGGREGATE' OptDefList 'END' /
			 'CASE' 'OF' DefList 'END' /
			 'REFERENCE' '(' TypeRef ')' /
			 'CONSTANT' ConstName /
			 'PAIR' / 'ANY' .
	
   37	OptDefList =	 OptDefWith ';' < OptDefWith ';' > .
	
   39	OptDefWith =	 [ '?' ] DefWith .
	
   38	DefList =	 DefWith ';' < DefWith ';' > .
	
   35	min =		 Integer / '*' .
	
   36	max =		 Integer / '*' .
	
   40	Integer =	 NUMBER .
	
   29	FixedAttrList =	 FixedAttr < ',' FixedAttr > .
   41	FixedAttr =	 AttrName [ FixModValue ] .
	
   42	FixModValue =	 ['?'] '=' FixedValue .
   43	FixedValue =	 [ '-' ] NumValue / StrValue / AttrValue .
	
   11	AttrName =	 NAME .
	
   17	AttrValue =	 NAME .
	
   44	NumValue =	 NUMBER .
	
   45	StrValue =	 STRING .
	
   16	ExtStruct =	 '(' ElemName ')' .
	
    8	ExpList =	 Export < ',' Export > ';' .
	
   46	Export =	 ElemName [ 'WITH' Content ] .
	
   47	Content =	 'Nothing' / ElemName [ ExtStruct ] .
	
    9	ExceptList =	 Except ';' < Except ';' > .
   48	Except =	 ExceptType ':' ExValList .
   49	ExceptType =	 BasicType / [ 'EXTERN' ] [ FirstSec ] ElemName / AttrName / ConstName .
   50	ExValList =	 ExceptVal < ',' ExceptVal > .
   51	ExceptVal =	 'NoCut' / 'CanCut' / 'NoCreate' / 'NoReplicate' /
	                 'NoHMove' / 'NoVMove' / 'NoMove' /
			 'NoHResize' / 'NoVResize' / 'NoResize' / 'MoveResize' /
			 'NewWidth' / 'NewHeight' / 'NewPercentWidth' /
			 'NewHPos' / 'NewVPos' /
	                 'Invisible' / 'Hidden' /
		         'PageBreak' / 'PageBreakAllowed' / 'PageBreakPlace' /
		         'PageBreakRepetition' / 'PageBreakRepBefore' /
	                 'NoPaginate' / 'NoSpellCheck' /
			 'ActiveRef' /  'NoSelect' /
	                 'HighlightChildren' / 'ExtendedSelection' /
	                 'SelectParent' / 'ClickableSurface' /
			 'ParagraphBreak' / 'IsBreak' / 'ListItemBreak' /
			 'ReturnCreateNL' / 'ReturnCreateWithin' / 'NoBreakByReturn' /
	                 'ImportLine' / 'ImportParagraph' /
			 'GraphCreation' / 'IsDraw' / 'IsGroup' / 'EmptyGraphic' /
			 'IsTable' / 'IsRow' / 'IsColHead' / 'IsCell' / 'IsCaption' /
			 'ColRef' / 'ColSpan' / 'RowSpan' /
			 'CssBackground' / 'CssClass' / 'CssId' / 'CssPseudoClass' /
			 'NoShowBox' / 'SetWindowBackground' /
			 'Shadow' / 'EventAttr' / 'SpacePreserve' /
			 'IsPlaceholder' / 'StartCounter' / 'SetCounter' /
			 'MarkupPreserve' / 'NotAnElementNode' / 'CheckAllChars' /
	                 'IsImg' / 'IsMap' / 'DuplicateAttr' / 'PseudoParag' /
	                 'GiveName' / 'NewRoot' / 'GiveTypes' / 'IsMarker' / 'IsGhost' /
			 'ColColRef' / 'UsePaintServer' / 'UseMarkers' / ExceptNum .
   52	ExceptNum =	 NUMBER .
	
    7	ExtensList =     Extens ';' < Extens ';' > .
   53	Extens =	 RootOrElem [ LocAttrList ]
			 [ '+' '(' InclList ')' ] [ '-' '(' ExclList ')' ]
			 [ 'WITH' FixedAttrList ] .
   54	RootOrElem =     'Root' / ElemName .
	
	END
	


*** SHORT KEY-WORDS ***

code  character  numbers of rules using the key-word

1001      ;       1   1  10  18   6   6  23  37  37  38  38   8   9   9   7   7
1002      =      10  18  22  25  34  42
1003      (      12  23  24  24  32  32  16  53  53
1004      )      12  23  24  24  32  32  16  53  53
1005      ,      14  27  28  29   8  50
1006      !      25
1007      +      24  53
1008      -      24  43  53
1009      [      32
1010      .      32  32
1011      ]      32
1012      ?      39  42
1013      *      35  36
1014      :      48



*** LONG KEY-WORDS ***

code  key-word      numbers of rules using the key-word

1101  STRUCTURE             1
1102  EXTENSION             1
1103  DEFPRES               1
1104  ATTR                  1  23
1105  CONST                 1
1106  STRUCT                1
1107  EXTENS                1
1108  UNITS                 1
1109  EXPORT                1
1110  EXCEPT                1
1111  END                   1  32  32  32
1112  INTEGER              12
1113  TEXT                 12  21
1114  REFERENCE            12  32
1115  ANY                  13  32
1116  First                15
1117  Second               15
1118  GRAPHICS             21
1119  SYMBOL               21
1120  PICTURE              21
1121  UNIT                 21
1122  NATURE               21
1123  WITH                 24  46  53
1124  EXTERN               34  49
1125  INCLUDED             34
1126  LIST                 32
1127  OF                   32  32
1128  BEGIN                32
1129  AGGREGATE            32
1130  CASE                 32
1131  CONSTANT             32
1132  PAIR                 32
1133  Nothing              47
1134  NoCut                51
1135  CanCut               51
1136  NoCreate             51
1137  NoReplicate          51
1138  NoHMove              51
1139  NoVMove              51
1140  NoMove               51
1141  NoHResize            51
1142  NoVResize            51
1143  NoResize             51
1144  MoveResize           51
1145  NewWidth             51
1146  NewHeight            51
1147  NewPercentWidth      51
1148  NewHPos              51
1149  NewVPos              51
1150  Invisible            51
1151  Hidden               51
1152  PageBreak            51
1153  PageBreakAllowed     51
1154  PageBreakPlace       51
1155  PageBreakRepetition  51
1156  PageBreakRepBefore   51
1157  NoPaginate           51
1158  NoSpellCheck         51
1159  ActiveRef            51
1160  NoSelect             51
1161  HighlightChildren    51
1162  ExtendedSelection    51
1163  SelectParent         51
1164  ClickableSurface     51
1165  ParagraphBreak       51
1166  IsBreak              51
1167  ListItemBreak        51
1168  ReturnCreateNL       51
1169  ReturnCreateWithin   51
1170  NoBreakByReturn      51
1171  ImportLine           51
1172  ImportParagraph      51
1173  GraphCreation        51
1174  IsDraw               51
1175  IsGroup              51
1176  EmptyGraphic         51
1177  IsTable              51
1178  IsRow                51
1179  IsColHead            51
1180  IsCell               51
1181  IsCaption            51
1182  ColRef               51
1183  ColSpan              51
1184  RowSpan              51
1185  CssBackground        51
1186  CssClass             51
1187  CssId                51
1188  CssPseudoClass       51
1189  NoShowBox            51
1190  SetWindowBackground  51
1191  Shadow               51
1192  EventAttr            51
1193  SpacePreserve        51
1194  IsPlaceholder        51
1195  StartCounter         51
1196  SetCounter           51
1197  MarkupPreserve       51
1198  NotAnElementNode     51
1199  CheckAllChars        51
1200  IsImg                51
1201  IsMap                51
1202  DuplicateAttr        51
1203  PseudoParag          51
1204  GiveName             51
1205  NewRoot              51
1206  GiveTypes            51
1207  IsMarker             51
1208  IsGhost              51
1209  ColColRef            51
1210  UsePaintServer       51
1211  UseMarkers           51
1212  Root                 54



*** TABLE OF RULES AND REFERENCES ***

code is the code of the symbol and the code of the rule
where that symbol appears in the left part. For each symbol,
the rule numbers indicate the rules that use that symbol in
their right part.

 code  symbol        rule numbers

    1  StructModel  
    2  ElemName        1  13  22  30  31  33  16  46  47  49  54
    3  PresentName     1
    4  AttrList        1
    5  ConstList       1
    6  RuleList        1   1
    7  ExtensList      1
    8  ExpList         1
    9  ExceptList      1
   10  Attribute       4   4
   11  AttrName       10  25  41  49
   12  AttrType       10  25
   13  TypeRef        12  32
   14  ValueList      12
   15  FirstSec       13  49
   16  ExtStruct      13  47
   17  AttrValue      14  14  43
   18  Const           5   5
   19  ConstName      18  32  49
   20  ConstValue     18
   21  BasicType      30  31  26  49
   22  Rule            6   6
   23  LocAttrList    22  26  34  53
   24  DefWith        22  32  39  38  38
   25  LocalAttr      23  23
   26  Definition     24  34
   27  InclList       24  53
   28  ExclList       24  53
   29  FixedAttrList  24  53
   30  InclElem       27  27
   31  ExclElem       28  28
   32  Constr         26
   33  Element        26
   34  ExtOrDef       33
   35  min            32
   36  max            32
   37  OptDefList     32  32
   38  DefList        32
   39  OptDefWith     37  37
   40  Integer        35  36
   41  FixedAttr      29  29
   42  FixModValue    41
   43  FixedValue     42
   44  NumValue       43
   45  StrValue       43
   46  Export          8   8
   47  Content        46
   48  Except          9   9
   49  ExceptType     48
   50  ExValList      48
   51  ExceptVal      50  50
   52  ExceptNum      51
   53  Extens          7   7
   54  RootOrElem     53



*** REFERENCES TO BASIC TYPES ***

Numbers of the rules using NAME
   3  19   2  11  17

Numbers of the rules using NUMBER
  40  44  52

Numbers of the rules using STRING
  20  45
